


Log for TMDS64EVM configured as PCIe RC
=============================================

root@am64xx-evm:~#
root@am64xx-evm:~#
root@am64xx-evm:~# lspci
00:00.0 PCI bridge: Texas Instruments Device b010
root@am64xx-evm:~#
root@am64xx-evm:~#
root@am64xx-evm:~#
root@am64xx-evm:~#
root@am64xx-evm:~#
root@am64xx-evm:~# echo 1 /sys/pci/bus/rescan
1 /sys/pci/bus/rescan
root@am64xx-evm:~#
root@am64xx-evm:~# echo 1 > /sys/bus/pci/rescan
root@am64xx-evm:~#
root@am64xx-evm:~#
root@am64xx-evm:~#
root@am64xx-evm:~# lspci
00:00.0 PCI bridge: Texas Instruments Device b010
root@am64xx-evm:~#
root@am64xx-evm:~#
root@am64xx-evm:~#
root@am64xx-evm:~#
root@am64xx-evm:~#
root@am64xx-evm:~#
root@am64xx-evm:~#
root@am64xx-evm:~#
root@am64xx-evm:~#
root@am64xx-evm:~#
root@am64xx-evm:~#
root@am64xx-evm:~#
root@am64xx-evm:~#
root@am64xx-evm:~#
root@am64xx-evm:~#
root@am64xx-evm:~#
root@am64xx-evm:~#
root@am64xx-evm:~#
root@am64xx-evm:~#
root@am64xx-evm:~#
root@am64xx-evm:~#
U-Boot SPL 2023.04-g24098ea90d (Jul 06 2023 - 12:59:40 +0000)
SYSFW ABI: 3.1 (firmware rev 0x0009 '9.0.5--v09.00.05 (Kool Koala)')
SPL initial stack usage: 13376 bytes
Trying to boot from MMC2
Authentication passed
Authentication passed
Authentication passed
Authentication passed
Loading Environment from MMC... *** Warning - No MMC card found, using default environment

Starting ATF on ARM64 core...

NOTICE:  BL31: v2.8(release):v2.8-226-g2fcd408bb3-dirty
NOTICE:  BL31: Built : 00:42:57, Jan 13 2023
I/TC:
I/TC: OP-TEE version: 3.20.0 (gcc version 11.3.0 (GCC)) #1 Fri Jan 20 15:42:54 UTC 2023 aarch64
I/TC: WARNING: This OP-TEE configuration might be insecure!
I/TC: WARNING: Please check https://optee.readthedocs.io/en/latest/architecture/porting_guidelines.html
I/TC: Primary CPU initializing
I/TC: SYSFW ABI: 3.1 (firmware rev 0x0009 '9.0.5--v09.00.05 (Kool Koala)')
I/TC: HUK Initialized
I/TC: Activated SA2UL device
I/TC: Enabled firewalls for SA2UL TRNG device
I/TC: SA2UL TRNG initialized
I/TC: SA2UL Drivers initialized
I/TC: Primary CPU switching to normal world boot

U-Boot SPL 2023.04-g24098ea90d (Jul 06 2023 - 12:59:40 +0000)
SYSFW ABI: 3.1 (firmware rev 0x0009 '9.0.5--v09.00.05 (Kool Koala)')
Trying to boot from MMC2
Authentication passed
Authentication passed


U-Boot 2023.04-g24098ea90d (Jul 06 2023 - 12:59:40 +0000)

SoC:   AM64X SR2.0 HS-FS
Model: Texas Instruments AM642 EVM
Board: AM64-EVM rev C
DRAM:  2 GiB
Core:  59 devices, 29 uclasses, devicetree: separate
MMC:   mmc@fa10000: 0, mmc@fa00000: 1
Loading Environment from MMC... *** Warning - bad CRC, using default environment

In:    serial@2800000
Out:   serial@2800000
Err:   serial@2800000
Unidentified board claims AM64-EVM in eeprom header
Net:   eth0: ethernet@8000000port@1
Hit any key to stop autoboot:  0
switch to partitions #0, OK
mmc1 is current device
SD/MMC found on device 1
Failed to load 'boot.scr'
574 bytes read in 29 ms (18.6 KiB/s)
Loaded env from uEnv.txt
Importing environment from mmc1 ...
20593152 bytes read in 851 ms (23.1 MiB/s)
57838 bytes read in 34 ms (1.6 MiB/s)
Working FDT set to 88000000
## Flattened Device Tree blob at 88000000
   Booting using the fdt blob at 0x88000000
Working FDT set to 88000000
   Loading Device Tree to 000000008feee000, end 000000008fffffff ... OK
Working FDT set to 8feee000

Starting kernel ...

[    0.000000] Booting Linux on physical CPU 0x0000000000 [0x410fd034]
[    0.000000] Linux version 6.1.33-g40c32565ca (oe-user@oe-host) (aarch64-oe-linux-gcc (GCC) 11.3.0, GNU ld (GNU Binutils) 2.38.20220708) #1 SMP PREEMPT Thu Jul  6 14:17:24 UTC 2023
[    0.000000] Machine model: Texas Instruments AM642 EVM
[    0.000000] earlycon: ns16550a0 at MMIO32 0x0000000002800000 (options '')
[    0.000000] printk: bootconsole [ns16550a0] enabled
[    0.000000] efi: UEFI not found.
[    0.000000] Reserved memory: created DMA memory pool at 0x00000000a0000000, size 1 MiB
[    0.000000] OF: reserved mem: initialized node r5f-dma-memory@a0000000, compatible id shared-dma-pool
[    0.000000] Reserved memory: created DMA memory pool at 0x00000000a0100000, size 15 MiB
[    0.000000] OF: reserved mem: initialized node r5f-memory@a0100000, compatible id shared-dma-pool
[    0.000000] Reserved memory: created DMA memory pool at 0x00000000a1000000, size 1 MiB
[    0.000000] OF: reserved mem: initialized node r5f-dma-memory@a1000000, compatible id shared-dma-pool
[    0.000000] Reserved memory: created DMA memory pool at 0x00000000a1100000, size 15 MiB
[    0.000000] OF: reserved mem: initialized node r5f-memory@a1100000, compatible id shared-dma-pool
[    0.000000] Reserved memory: created DMA memory pool at 0x00000000a2000000, size 1 MiB
[    0.000000] OF: reserved mem: initialized node r5f-dma-memory@a2000000, compatible id shared-dma-pool
[    0.000000] Reserved memory: created DMA memory pool at 0x00000000a2100000, size 15 MiB
[    0.000000] OF: reserved mem: initialized node r5f-memory@a2100000, compatible id shared-dma-pool
[    0.000000] Reserved memory: created DMA memory pool at 0x00000000a3000000, size 1 MiB
[    0.000000] OF: reserved mem: initialized node r5f-dma-memory@a3000000, compatible id shared-dma-pool
[    0.000000] Reserved memory: created DMA memory pool at 0x00000000a3100000, size 15 MiB
[    0.000000] OF: reserved mem: initialized node r5f-memory@a3100000, compatible id shared-dma-pool
[    0.000000] Reserved memory: created DMA memory pool at 0x00000000a4000000, size 1 MiB
[    0.000000] OF: reserved mem: initialized node m4f-dma-memory@a4000000, compatible id shared-dma-pool
[    0.000000] Reserved memory: created DMA memory pool at 0x00000000a4100000, size 15 MiB
[    0.000000] OF: reserved mem: initialized node m4f-memory@a4100000, compatible id shared-dma-pool
[    0.000000] Zone ranges:
[    0.000000]   DMA      [mem 0x0000000080000000-0x00000000ffffffff]
[    0.000000]   DMA32    empty
[    0.000000]   Normal   empty
[    0.000000] Movable zone start for each node
[    0.000000] Early memory node ranges
[    0.000000]   node   0: [mem 0x0000000080000000-0x000000009e7fffff]
[    0.000000]   node   0: [mem 0x000000009e800000-0x00000000a57fffff]
[    0.000000]   node   0: [mem 0x00000000a5800000-0x00000000ffffffff]
[    0.000000] Initmem setup node 0 [mem 0x0000000080000000-0x00000000ffffffff]
[    0.000000] cma: Reserved 32 MiB at 0x00000000fba00000
[    0.000000] psci: probing for conduit method from DT.
[    0.000000] psci: PSCIv1.1 detected in firmware.
[    0.000000] psci: Using standard PSCI v0.2 function IDs
[    0.000000] psci: Trusted OS migration not required
[    0.000000] psci: SMC Calling Convention v1.2
[    0.000000] percpu: Embedded 19 pages/cpu s38376 r8192 d31256 u77824
[    0.000000] Detected VIPT I-cache on CPU0
[    0.000000] CPU features: detected: GIC system register CPU interface
[    0.000000] CPU features: detected: ARM erratum 845719
[    0.000000] alternatives: applying boot alternatives
[    0.000000] Built 1 zonelists, mobility grouping on.  Total pages: 516096
[    0.000000] Kernel command line: console=ttyS2,115200n8 earlycon=ns16550a,mmio32,0x02800000 root=PARTUUID=3a4a99a8-02 rw rootfstype=ext4 rootwait
[    0.000000] Dentry cache hash table entries: 262144 (order: 9, 2097152 bytes, linear)
[    0.000000] Inode-cache hash table entries: 131072 (order: 8, 1048576 bytes, linear)
[    0.000000] mem auto-init: stack:off, heap alloc:off, heap free:off
[    0.000000] Memory: 1888828K/2097152K available (12480K kernel code, 1294K rwdata, 4040K rodata, 2176K init, 498K bss, 175556K reserved, 32768K cma-reserved)
[    0.000000] SLUB: HWalign=64, Order=0-3, MinObjects=0, CPUs=2, Nodes=1
[    0.000000] rcu: Preemptible hierarchical RCU implementation.
[    0.000000] rcu:     RCU event tracing is enabled.
[    0.000000] rcu:     RCU restricting CPUs from NR_CPUS=256 to nr_cpu_ids=2.
[    0.000000]  Trampoline variant of Tasks RCU enabled.
[    0.000000]  Tracing variant of Tasks RCU enabled.
[    0.000000] rcu: RCU calculated value of scheduler-enlistment delay is 25 jiffies.
[    0.000000] rcu: Adjusting geometry for rcu_fanout_leaf=16, nr_cpu_ids=2
[    0.000000] NR_IRQS: 64, nr_irqs: 64, preallocated irqs: 0
[    0.000000] GICv3: GIC: Using split EOI/Deactivate mode
[    0.000000] GICv3: 256 SPIs implemented
[    0.000000] GICv3: 0 Extended SPIs implemented
[    0.000000] Root IRQ handler: gic_handle_irq
[    0.000000] GICv3: GICv3 features: 16 PPIs
[    0.000000] GICv3: CPU0: found redistributor 0 region 0:0x0000000001840000
[    0.000000] ITS [mem 0x01820000-0x0182ffff]
[    0.000000] GIC: enabling workaround for ITS: Socionext Synquacer pre-ITS
[    0.000000] ITS@0x0000000001820000: Devices Table too large, reduce ids 20->19
[    0.000000] ITS@0x0000000001820000: allocated 524288 Devices @80800000 (flat, esz 8, psz 64K, shr 0)
[    0.000000] ITS: using cache flushing for cmd queue
[    0.000000] GICv3: using LPI property table @0x0000000080030000
[    0.000000] GIC: using cache flushing for LPI property table
[    0.000000] GICv3: CPU0: using allocated LPI pending table @0x0000000080040000
[    0.000000] rcu: srcu_init: Setting srcu_struct sizes based on contention.
[    0.000000] arch_timer: cp15 timer(s) running at 200.00MHz (phys).
[    0.000000] clocksource: arch_sys_counter: mask: 0x3ffffffffffffff max_cycles: 0x2e2049d3e8, max_idle_ns: 440795210634 ns
[    0.000001] sched_clock: 58 bits at 200MHz, resolution 5ns, wraps every 4398046511102ns
[    0.008612] Console: colour dummy device 80x25
[    0.013209] Calibrating delay loop (skipped), value calculated using timer frequency.. 400.00 BogoMIPS (lpj=800000)
[    0.023888] pid_max: default: 32768 minimum: 301
[    0.028672] LSM: Security Framework initializing
[    0.033538] Mount-cache hash table entries: 4096 (order: 3, 32768 bytes, linear)
[    0.041122] Mountpoint-cache hash table entries: 4096 (order: 3, 32768 bytes, linear)
[    0.051160] cblist_init_generic: Setting adjustable number of callback queues.
[    0.058632] cblist_init_generic: Setting shift to 1 and lim to 1.
[    0.064955] cblist_init_generic: Setting shift to 1 and lim to 1.
[    0.071394] rcu: Hierarchical SRCU implementation.
[    0.076309] rcu:     Max phase no-delay instances is 1000.
[    0.081993] Platform MSI: msi-controller@1820000 domain created
[    0.088397] PCI/MSI: /bus@f4000/interrupt-controller@1800000/msi-controller@1820000 domain created
[    0.098509] EFI services will not be available.
[    0.103492] smp: Bringing up secondary CPUs ...
I/TC: Secondary CPU 1 initializing
I/TC: Secondary CPU 1 switching to normal world boot
[    0.117170] Detected VIPT I-cache on CPU1
[    0.117315] GICv3: CPU1: found redistributor 1 region 0:0x0000000001860000
[    0.117336] GICv3: CPU1: using allocated LPI pending table @0x0000000080050000
[    0.117398] CPU1: Booted secondary processor 0x0000000001 [0x410fd034]
[    0.117529] smp: Brought up 1 node, 2 CPUs
[    0.146913] SMP: Total of 2 processors activated.
[    0.151724] CPU features: detected: 32-bit EL0 Support
[    0.156995] CPU features: detected: CRC32 instructions
[    0.162322] CPU: All CPU(s) started at EL2
[    0.166508] alternatives: applying system-wide alternatives
[    0.174236] devtmpfs: initialized
[    0.187081] clocksource: jiffies: mask: 0xffffffff max_cycles: 0xffffffff, max_idle_ns: 7645041785100000 ns
[    0.197099] futex hash table entries: 512 (order: 3, 32768 bytes, linear)
[    0.205459] pinctrl core: initialized pinctrl subsystem
[    0.211539] DMI not present or invalid.
[    0.216255] NET: Registered PF_NETLINK/PF_ROUTE protocol family
[    0.223678] DMA: preallocated 256 KiB GFP_KERNEL pool for atomic allocations
[    0.231141] DMA: preallocated 256 KiB GFP_KERNEL|GFP_DMA pool for atomic allocations
[    0.239263] DMA: preallocated 256 KiB GFP_KERNEL|GFP_DMA32 pool for atomic allocations
[    0.247473] audit: initializing netlink subsys (disabled)
[    0.253389] audit: type=2000 audit(0.160:1): state=initialized audit_enabled=0 res=1
[    0.254053] thermal_sys: Registered thermal governor 'step_wise'
[    0.261328] thermal_sys: Registered thermal governor 'power_allocator'
[    0.267756] cpuidle: using governor menu
[    0.278708] hw-breakpoint: found 6 breakpoint and 4 watchpoint registers.
[    0.285730] ASID allocator initialised with 65536 entries
[    0.306004] KASLR disabled due to lack of seed
[    0.319277] HugeTLB: registered 1.00 GiB page size, pre-allocated 0 pages
[    0.326249] HugeTLB: 0 KiB vmemmap can be freed for a 1.00 GiB page
[    0.332658] HugeTLB: registered 32.0 MiB page size, pre-allocated 0 pages
[    0.339593] HugeTLB: 0 KiB vmemmap can be freed for a 32.0 MiB page
[    0.345999] HugeTLB: registered 2.00 MiB page size, pre-allocated 0 pages
[    0.352934] HugeTLB: 0 KiB vmemmap can be freed for a 2.00 MiB page
[    0.359341] HugeTLB: registered 64.0 KiB page size, pre-allocated 0 pages
[    0.366277] HugeTLB: 0 KiB vmemmap can be freed for a 64.0 KiB page
[    0.375056] k3-chipinfo 43000014.chipid: Family:AM64X rev:SR2.0 JTAGID[0x1bb3802f] Detected
[    0.385562] iommu: Default domain type: Translated
[    0.390579] iommu: DMA domain TLB invalidation policy: strict mode
[    0.397340] SCSI subsystem initialized
[    0.401742] usbcore: registered new interface driver usbfs
[    0.407410] usbcore: registered new interface driver hub
[    0.412876] usbcore: registered new device driver usb
[    0.418674] pps_core: LinuxPPS API ver. 1 registered
[    0.423760] pps_core: Software ver. 5.3.6 - Copyright 2005-2007 Rodolfo Giometti <giometti@linux.it>
[    0.433113] PTP clock support registered
[    0.437258] EDAC MC: Ver: 3.0.0
[    0.441760] omap-mailbox 29020000.mailbox: omap mailbox rev 0x66fc9100
[    0.448737] omap-mailbox 29040000.mailbox: omap mailbox rev 0x66fc9100
[    0.455595] omap-mailbox 29060000.mailbox: omap mailbox rev 0x66fc9100
[    0.463062] FPGA manager framework
[    0.466673] Advanced Linux Sound Architecture Driver Initialized.
[    0.474174] clocksource: Switched to clocksource arch_sys_counter
[    0.480767] VFS: Disk quotas dquot_6.6.0
[    0.484845] VFS: Dquot-cache hash table entries: 512 (order 0, 4096 bytes)
[    0.499214] NET: Registered PF_INET protocol family
[    0.504551] IP idents hash table entries: 32768 (order: 6, 262144 bytes, linear)
[    0.514281] tcp_listen_portaddr_hash hash table entries: 1024 (order: 2, 16384 bytes, linear)
[    0.523134] Table-perturb hash table entries: 65536 (order: 6, 262144 bytes, linear)
[    0.531074] TCP established hash table entries: 16384 (order: 5, 131072 bytes, linear)
[    0.539300] TCP bind hash table entries: 16384 (order: 7, 524288 bytes, linear)
[    0.547339] TCP: Hash tables configured (established 16384 bind 16384)
[    0.554329] UDP hash table entries: 1024 (order: 3, 32768 bytes, linear)
[    0.561285] UDP-Lite hash table entries: 1024 (order: 3, 32768 bytes, linear)
[    0.568859] NET: Registered PF_UNIX/PF_LOCAL protocol family
[    0.575261] RPC: Registered named UNIX socket transport module.
[    0.581372] RPC: Registered udp transport module.
[    0.586183] RPC: Registered tcp transport module.
[    0.590991] RPC: Registered tcp NFSv4.1 backchannel transport module.
[    0.597584] NET: Registered PF_XDP protocol family
[    0.602496] PCI: CLS 0 bytes, default 64
[    0.607226] hw perfevents: enabled with armv8_cortex_a53 PMU driver, 7 counters available
[    0.617451] Initialise system trusted keyrings
[    0.622402] workingset: timestamp_bits=46 max_order=19 bucket_order=0
[    0.636158] squashfs: version 4.0 (2009/01/31) Phillip Lougher
[    0.643090] NFS: Registering the id_resolver key type
[    0.648357] Key type id_resolver registered
[    0.652636] Key type id_legacy registered
[    0.656819] nfs4filelayout_init: NFSv4 File Layout Driver Registering...
[    0.663680] nfs4flexfilelayout_init: NFSv4 Flexfile Layout Driver Registering...
[    0.671501] 9p: Installing v9fs 9p2000 file system support
[    0.719396] Key type asymmetric registered
[    0.723594] Asymmetric key parser 'x509' registered
[    0.728652] Block layer SCSI generic (bsg) driver version 0.4 loaded (major 245)
[    0.736490] io scheduler mq-deadline registered
[    0.741146] io scheduler kyber registered
[    0.748751] pinctrl-single 4084000.pinctrl: 33 pins, size 132
[    0.755496] pinctrl-single f4000.pinctrl: 180 pins, size 720
[    0.762621] pinctrl-single a40000.pinctrl: 512 pins, size 2048
[    0.777581] Serial: 8250/16550 driver, 4 ports, IRQ sharing enabled
[    0.793942] loop: module loaded
[    0.798716] megasas: 07.719.03.00-rc1
[    0.807474] tun: Universal TUN/TAP device driver, 1.6
[    0.813618] thunder_xcv, ver 1.0
[    0.817007] thunder_bgx, ver 1.0
[    0.820342] nicpf, ver 1.0
[    0.823618] hns3: Hisilicon Ethernet Network Driver for Hip08 Family - version
[    0.831023] hns3: Copyright (c) 2017 Huawei Corporation.
[    0.836563] hclge is initializing
[    0.839977] e1000: Intel(R) PRO/1000 Network Driver
[    0.844963] e1000: Copyright (c) 1999-2006 Intel Corporation.
[    0.850877] e1000e: Intel(R) PRO/1000 Network Driver
[    0.855953] e1000e: Copyright(c) 1999 - 2015 Intel Corporation.
[    0.862044] igb: Intel(R) Gigabit Ethernet Network Driver
[    0.867561] igb: Copyright (c) 2007-2014 Intel Corporation.
[    0.873290] igbvf: Intel(R) Gigabit Virtual Function Network Driver
[    0.879698] igbvf: Copyright (c) 2009 - 2012 Intel Corporation.
[    0.885955] sky2: driver version 1.30
[    0.890667] VFIO - User Level meta-driver version: 0.3
[    0.897032] usbcore: registered new interface driver usb-storage
[    0.904208] i2c_dev: i2c /dev entries driver
[    0.910450] sdhci: Secure Digital Host Controller Interface driver
[    0.916809] sdhci: Copyright(c) Pierre Ossman
[    0.922150] Synopsys Designware Multimedia Card Interface Driver
[    0.928843] sdhci-pltfm: SDHCI platform and OF driver helper
[    0.935727] ledtrig-cpu: registered to indicate activity on CPUs
[    0.942178] SMCCC: SOC_ID: ARCH_SOC_ID not implemented, skipping ....
[    0.949159] usbcore: registered new interface driver usbhid
[    0.954888] usbhid: USB HID core driver
[    0.960382] optee: probing for conduit method.
I/TC: Reserved shared memory is enabled
I/TC: Dynamic shared memory is enabled
I/TC: Normal World virtualization support is disabled
I/TC: Asynchronous notifications are disabled
[    0.965008] optee: revision 3.20 (8e74d476)
[    0.981775] optee: dynamic shared memory is enabled
[    0.991547] optee: initialized driver
[    0.997803] Initializing XFRM netlink socket
[    1.002257] NET: Registered PF_PACKET protocol family
[    1.007606] 9pnet: Installing 9P2000 support
[    1.012062] Key type dns_resolver registered
[    1.016968] registered taskstats version 1
[    1.021213] Loading compiled-in X.509 certificates
[    1.038964] ti-sci 44043000.system-controller: ABI: 3.1 (firmware rev 0x0009 '9.0.5--v09.00.05 (Kool Koala)')
[    1.085677] pca953x 0-0022: supply vcc not found, using dummy regulator
[    1.092687] pca953x 0-0022: using AI
[    1.119498] omap_i2c 20010000.i2c: bus 0 rev0.12 at 400 kHz
[    1.125751] ti-sci-intr 4210000.interrupt-controller: Interrupt Router 5 domain created
[    1.134195] ti-sci-intr bus@f4000:interrupt-controller@a00000: Interrupt Router 3 domain created
[    1.143584] ti-sci-inta 48000000.interrupt-controller: Interrupt Aggregator domain 28 created
[    1.155746] ti-udma 485c0100.dma-controller: Number of rings: 68
[    1.163324] ti-udma 485c0100.dma-controller: Channels: 24 (bchan: 12, tchan: 6, rchan: 6)
[    1.173578] ti-udma 485c0000.dma-controller: Number of rings: 288
[    1.188938] ti-udma 485c0000.dma-controller: Channels: 44 (tchan: 29, rchan: 15)
[    1.200121] printk: console [ttyS2] disabled
[    1.204597] 2800000.serial: ttyS2 at MMIO 0x2800000 (irq = 304, base_baud = 3000000) is a 8250
[    1.213505] printk: console [ttyS2] enabled
[    1.213505] printk: console [ttyS2] enabled
[    1.221964] printk: bootconsole [ns16550a0] disabled
[    1.221964] printk: bootconsole [ns16550a0] disabled
[    1.236115] spi-nor spi0.0: s28hs512t (65536 Kbytes)
[    1.241264] 7 fixed-partitions partitions found on MTD device fc40000.spi.0
[    1.248235] Creating 7 MTD partitions on "fc40000.spi.0":
[    1.253631] 0x000000000000-0x000000100000 : "ospi.tiboot3"
[    1.260556] 0x000000100000-0x000000300000 : "ospi.tispl"
[    1.267309] 0x000000300000-0x000000700000 : "ospi.u-boot"
[    1.274121] 0x000000700000-0x000000740000 : "ospi.env"
[    1.280708] 0x000000740000-0x000000780000 : "ospi.env.backup"
[    1.287899] 0x000000800000-0x000003fc0000 : "ospi.rootfs"
[    1.294859] 0x000003fc0000-0x000004000000 : "ospi.phypattern"
[    1.304451] davinci_mdio 8000f00.mdio: Configuring MDIO in manual mode
[    1.350229] davinci_mdio 8000f00.mdio: davinci mdio revision 9.7, bus freq 1000000
[    1.359284] davinci_mdio 8000f00.mdio: phy[0]: device 8000f00.mdio:00, driver TI DP83867
[    1.367462] am65-cpsw-nuss 8000000.ethernet: initializing am65 cpsw nuss version 0x6BA00903, cpsw version 0x6BA80903 Ports: 3 quirks:00000006
[    1.380357] am65-cpsw-nuss 8000000.ethernet: initialized cpsw ale version 1.4
[    1.387493] am65-cpsw-nuss 8000000.ethernet: ALE Table size 512
[    1.394249] pps pps0: new PPS source ptp0
[    1.398707] am65-cpsw-nuss 8000000.ethernet: CPTS ver 0x4e8a010c, freq:500000000, add_val:1 pps:1
[    1.409612] am65-cpsw-nuss 8000000.ethernet: set new flow-id-base 16
[    1.420559] am65-cpts 39000000.cpts: CPTS ver 0x4e8a010c, freq:500000000, add_val:1 pps:0
[    1.431120] mmc0: CQHCI version 5.10
[    1.437346] gpio-mux mux-controller: 2-way mux-controller registered
[    1.461097] debugfs: Directory 'pd:114' with parent 'pm_genpd' already present!
[    1.461737] mmc1: CQHCI version 5.10
[    1.480192] ALSA device list:
[    1.483206]   No soundcards found.
[    1.483222] mmc0: SDHCI controller on fa10000.mmc [fa10000.mmc] using ADMA 64-bit
[    1.519179] mmc1: SDHCI controller on fa00000.mmc [fa00000.mmc] using ADMA 64-bit
[    1.527278] Waiting for root device PARTUUID=3a4a99a8-02...
[    1.579847] mmc0: Command Queue Engine enabled
[    1.584437] mmc0: new HS200 MMC card at address 0001
[    1.590498] mmcblk0: mmc0:0001 S0J56X 14.8 GiB
[    1.597615] mmc1: new ultra high speed SDR104 SDHC card at address aaaa
[    1.605901] mmcblk0boot0: mmc0:0001 S0J56X 31.5 MiB
[    1.611313] mmcblk1: mmc1:aaaa SC16G 14.8 GiB
[    1.618605] mmcblk0boot1: mmc0:0001 S0J56X 31.5 MiB
[    1.623763]  mmcblk1: p1 p2
[    1.628263] mmcblk0rpmb: mmc0:0001 S0J56X 4.00 MiB, chardev (240:0)
[    1.672621] EXT4-fs (mmcblk1p2): recovery complete
[    1.678566] EXT4-fs (mmcblk1p2): mounted filesystem with ordered data mode. Quota mode: none.
[    1.687194] VFS: Mounted root (ext4 filesystem) on device 179:66.
[    1.696122] devtmpfs: mounted
[    1.700580] Freeing unused kernel memory: 2176K
[    1.705219] Run /sbin/init as init process
[    1.874488] systemd[1]: System time before build time, advancing clock.
[    1.929673] NET: Registered PF_INET6 protocol family
[    1.936413] Segment Routing with IPv6
[    1.940203] In-situ OAM (IOAM) with IPv6
[    1.975572] systemd[1]: systemd 250.5+ running in system mode (+PAM -AUDIT -SELINUX -APPARMOR +IMA -SMACK +SECCOMP -GCRYPT -GNUTLS -OPENSSL +ACL +BLKID -CURL -ELFUTILS -FIDO2 -IDN2 -IDN                                                 UALITY -P11KIT -QRENCODE -BZIP2 -LZ4 -XZ -ZLIB +ZSTD -BPF_FRAMEWORK +XKBCOMMON +UTMP +SYSVINIT default-hierarchy=hybrid)
[    2.007604] systemd[1]: Detected architecture arm64.

Welcome to Arago 2023.04!

[    2.089390] systemd[1]: Hostname set to <am64xx-evm>.
[    2.246635] systemd-sysv-generator[134]: SysV service '/etc/init.d/telnetd' lacks a native systemd unit file. Automatically generating a unit file for compatibility. Please update packag                                                r to make it more safe and robust.
[    2.270880] systemd-sysv-generator[134]: SysV service '/etc/init.d/inetd.busybox' lacks a native systemd unit file. Automatically generating a unit file for compatibility. Please update                                                 n order to make it more safe and robust.
[    2.298596] systemd-sysv-generator[134]: SysV service '/etc/init.d/docker.init' lacks a native systemd unit file. Automatically generating a unit file for compatibility. Please update pa                                                order to make it more safe and robust.
[    2.324741] systemd-sysv-generator[134]: SysV service '/etc/init.d/netopeer2-server' lacks a native systemd unit file. Automatically generating a unit file for compatibility. Please upda                                                , in order to make it more safe and robust.
[    2.357530] systemd-sysv-generator[134]: SysV service '/etc/init.d/resize_rootfs.sh' lacks a native systemd unit file. Automatically generating a unit file for compatibility. Please upda                                                , in order to make it more safe and robust.
[    2.382727] systemd-sysv-generator[134]: SysV service '/etc/init.d/sysrepo' lacks a native systemd unit file. Automatically generating a unit file for compatibility. Please update packag                                                r to make it more safe and robust.
[    2.407009] systemd-sysv-generator[134]: SysV service '/etc/init.d/thermal-zone-init' lacks a native systemd unit file. Automatically generating a unit file for compatibility. Please upd                                                e, in order to make it more safe and robust.
[    2.432723] systemd-sysv-generator[134]: SysV service '/etc/init.d/netperf' lacks a native systemd unit file. Automatically generating a unit file for compatibility. Please update packag                                                r to make it more safe and robust.
[    2.456670] systemd-sysv-generator[134]: SysV service '/etc/init.d/dropbear' lacks a native systemd unit file. Automatically generating a unit file for compatibility. Please update packa                                                er to make it more safe and robust.
[    2.752061] systemd[1]: /lib/systemd/system/startwlansta.service:7: Unknown key name 'After' in section 'Service', ignoring.
[    2.767094] systemd[1]: /lib/systemd/system/startwlanap.service:7: Unknown key name 'After' in section 'Service', ignoring.
[    2.829717] systemd[1]: /lib/systemd/system/bt-enable.service:9: Standard output type syslog is obsolete, automatically updating to journal. Please update your unit file, and consider re
[    2.920813] systemd[1]: /etc/systemd/system/sync-clocks.service:11: Standard output type syslog is obsolete, automatically updating to journal. Please update your unit file, and consider
[    3.019530] systemd[1]: Queued start job for default target Graphical Interface.
[    3.094893] systemd[1]: Created slice Slice /system/getty.
[  OK  ] Created slice Slice /system/getty.
[    3.122107] systemd[1]: Created slice Slice /system/modprobe.
[  OK  ] Created slice Slice /system/modprobe.
[    3.146364] systemd[1]: Created slice Slice /system/serial-getty.
[  OK  ] Created slice Slice /system/serial-getty.
[    3.173305] systemd[1]: Created slice User and Session Slice.
[  OK  ] Created slice User and Session Slice.
[    3.194895] systemd[1]: Started Dispatch Password Requests to Console Directory Watch.
[  OK  ] Started Dispatch Password …ts to Console Directory Watch.
[    3.218930] systemd[1]: Started Forward Password Requests to Wall Directory Watch.
[  OK  ] Started Forward Password R…uests to Wall Directory Watch.
[    3.242944] systemd[1]: Reached target Path Units.
[  OK  ] Reached target Path Units.
[    3.262505] systemd[1]: Reached target Remote File Systems.
[  OK  ] Reached target Remote File Systems.
[    3.282463] systemd[1]: Reached target Slice Units.
[  OK  ] Reached target Slice Units.
[    3.302492] systemd[1]: Reached target Swaps.
[  OK  ] Reached target Swaps.
[    3.372914] systemd[1]: Listening on RPCbind Server Activation Socket.
[  OK  ] Listening on RPCbind Server Activation Socket.
[    3.394569] systemd[1]: Reached target RPC Port Mapper.
[  OK  ] Reached target RPC Port Mapper.
[    3.424486] systemd[1]: Listening on Process Core Dump Socket.
[  OK  ] Listening on Process Core Dump Socket.
[    3.446992] systemd[1]: Listening on initctl Compatibility Named Pipe.
[  OK  ] Listening on initctl Compatibility Named Pipe.
[    3.471565] systemd[1]: Listening on Journal Audit Socket.
[  OK  ] Listening on Journal Audit Socket.
[    3.495276] systemd[1]: Listening on Journal Socket (/dev/log).
[  OK  ] Listening on Journal Socket (/dev/log).
[    3.519396] systemd[1]: Listening on Journal Socket.
[  OK  ] Listening on Journal Socket.
[    3.539637] systemd[1]: Listening on Network Service Netlink Socket.
[  OK  ] Listening on Network Service Netlink Socket.
[    3.563541] systemd[1]: Listening on udev Control Socket.
[  OK  ] Listening on udev Control Socket.
[    3.587154] systemd[1]: Listening on udev Kernel Socket.
[  OK  ] Listening on udev Kernel Socket.
[    3.611306] systemd[1]: Listening on User Database Manager Socket.
[  OK  ] Listening on User Database Manager Socket.
[    3.658975] systemd[1]: Mounting Huge Pages File System...
         Mounting Huge Pages File System...
[    3.685119] systemd[1]: Mounting POSIX Message Queue File System...
         Mounting POSIX Message Queue File System...
[    3.713210] systemd[1]: Mounting Kernel Debug File System...
         Mounting Kernel Debug File System...
[    3.735075] systemd[1]: Kernel Trace File System was skipped because of a failed condition check (ConditionPathExists=/sys/kernel/tracing).
[    3.770953] systemd[1]: Mounting Temporary Directory /tmp...
         Mounting Temporary Directory /tmp...
[    3.794697] systemd[1]: Starting Create List of Static Device Nodes...
         Starting Create List of Static Device Nodes...
[    3.828992] systemd[1]: Starting Load Kernel Module configfs...
         Starting Load Kernel Module configfs...
[    3.853069] systemd[1]: Starting Load Kernel Module drm...
         Starting Load Kernel Module drm...
[    3.878035] systemd[1]: Starting Load Kernel Module fuse...
         Starting Load Kernel Module fuse...
[    3.904244] systemd[1]: Starting RPC Bind...
[    3.904626] fuse: init (API version 7.37)
         Starting RPC Bind...
[    3.922878] systemd[1]: File System Check on Root Device was skipped because of a failed condition check (ConditionPathIsReadWrite=!/).
[    3.946600] systemd[1]: Starting Journal Service...
         Starting Journal Service...
[    3.991509] systemd[1]: Starting Load Kernel Modules...
         Starting Load Kernel Modules...
[    4.017181] systemd[1]: Starting Generate network units from Kernel command line...
[    4.030373] cryptodev: loading out-of-tree module taints kernel.
         Starting Generate network …ts from Kernel co[    4.039298] cryptodev: driver 1.12 loaded.
mmand line...
[    4.083562] systemd[1]: Starting Remount Root and Kernel File Systems...
         Starting Remount Root and Kernel File Systems...
[    4.134394] systemd[1]: Starting Coldplug All udev Devices...
         Starting Coldplug All udev Devices...
[    4.143600] EXT4-fs (mmcblk1p2): re-mounted. Quota mode: none.
[    4.177354] systemd[1]: Started RPC Bind.
[  OK  ] Started RPC Bind.
[    4.199418] systemd[1]: Started Journal Service.
[  OK  ] Started Journal Service.
[  OK  ] Mounted Huge Pages File System.
[  OK  ] Mounted POSIX Message Queue File System.
[  OK  ] Mounted Kernel Debug File System.
[  OK  ] Mounted Temporary Directory /tmp.
[  OK  ] Finished Create List of Static Device Nodes.
[  OK  ] Finished Load Kernel Module configfs.
[  OK  ] Finished Load Kernel Module drm.
[  OK  ] Finished Load Kernel Module fuse.
[  OK  ] Finished Load Kernel Modules.
[  OK  ] Finished Generate network units from Kernel command line.
[  OK  ] Finished Remount Root and Kernel File Systems.
         Mounting FUSE Control File System...
         Mounting Kernel Configuration File System...
         Starting Flush Journal to Persistent Storage...
[    4.559920] systemd-journald[149]: Received client request to flush runtime journal.
         Starting Apply Kernel Variables...
         Starting Create Static Device Nodes in /dev...
[  OK  ] Mounted FUSE Control File System.
[  OK  ] Mounted Kernel Configuration File System.
[  OK  ] Finished Flush Journal to Persistent Storage.
[  OK  ] Finished Apply Kernel Variables.
[  OK  ] Finished Create Static Device Nodes in /dev.
[  OK  ] Reached target Preparation for Local File Systems.
         Mounting /media/ram...
         Mounting /var/volatile...
[    4.809020] audit: type=1334 audit(1651167747.932:2): prog-id=5 op=LOAD
[    4.818366] audit: type=1334 audit(1651167747.940:3): prog-id=6 op=LOAD
         Starting Rule-based Manage…for Device Events and Files...
[  OK  ] Mounted /media/ram.
[  OK  ] Mounted /var/volatile.
         Starting Load/Save Random Seed...
[  OK  ] Reached target Local File Systems.
         Starting Create Volatile Files and Directories...
[  OK  ] Finished Coldplug All udev Devices.
[  OK  ] Finished Create Volatile Files and Directories.
         Starting Network Time Synchronization...
         Starting Record System Boot/Shutdown in UTMP...
[  OK  ] Started Rule-based Manager for Device Events and Files.
[  OK  ] Finished Record System Boot/Shutdown in UTMP.
[  OK  ] Started Network Time Synchronization.
[  OK  ] Reached target System Initialization.
[  OK  ] Started Timer service to update the IP on OLED each 10s.
[  OK  ] Started Daily Cleanup of Temporary Directories.
[  OK  ] Reached target System Time Set.
[  OK  ] Started Daily rotation of log files.
[  OK  ] Reached target Timer Units.
[  OK  ] Listening on Avahi mDNS/DNS-SD Stack Activation Socket.
[  OK  ] Listening on D-Bus System Message Bus Socket.
         Starting Docker Socket for the API...[    5.938237] random: crng init done

[  OK  ] Listening on dropbear.socket.
         Starting Weston socket...
         Starting D-Bus System Message Bus...
         Starting Reboot and dump vmcore via kexec...
[  OK  ] Finished Load/Save Random Seed.
[  OK  ] Listening on Docker Socket for the API.
[  OK  ] Listening on Weston socket.
[  OK  ] Finished Reboot and dump vmcore via kexec.
[  OK  ] Reached target Socket Units.
[  OK  ] Started D-Bus System Message Bus.
[  OK  ] Reached target Basic System.
[  OK  ] Started Job spooling tools.
[  OK  ] Started Periodic Command Scheduler.
         Starting Print notice about GPLv3 packages...
         Starting IPv6 Packet Filtering Framework...
         Starting IPv4 Packet Filtering Framework...
[  OK  ] Started irqbalance daemon.
         Starting startwlanap...
         Starting startwlansta...
[    6.526399] audit: type=1334 audit(1651176129.108:4): prog-id=7 op=LOAD
[    6.538399] audit: type=1334 audit(1651176129.116:5): prog-id=8 op=LOAD
         Starting User Login Management...
[  OK  ] Started TEE Supplicant.
         Starting telnetd.service...
[  OK  ] Finished IPv6 Packet Filtering Framework.
[  OK  ] Finished IPv4 Packet Filtering Framework.
[  OK  ] Started startwlanap.
[  OK  ] Started startwlansta.
[  OK  ] Reached target Preparation for Network.
         Starting Network Configuration...
[    6.768651] CAN device driver interface
[  OK  ] Started telnetd.service.
[  OK  ] Found device /dev/ttyS2.
[    6.941495] FAT-fs (mmcblk1p1): Volume was not properly unmounted. Some data may be corrupt. Please run fsck.
         Starting LSB: Expand Rootfs of boot device...
[    7.205898] cfg80211: Loading compiled-in X.509 certificates for regulatory database
[    7.281575] cfg80211: Loaded X.509 cert 'sforshee: 00b28ddf47aef9cea7'
[  OK  ] Started LSB: Expand Rootfs of boot device.
[    7.573041] davinci_mdio 300b2400.mdio: Configuring MDIO in manual mode
[    7.702834] davinci_mdio 300b2400.mdio: davinci mdio revision 1.7, bus freq 1000000
[  OK  ] Started User Login Management.
[    7.807367] k3-m4-rproc 5000000.m4fss: assigned reserved memory node m4f-dma-memory@a4000000
[    7.891235] davinci_mdio 300b2400.mdio: phy[15]: device 300b2400.mdio:0f, driver TI DP83869
[    7.903578] k3-m4-rproc 5000000.m4fss: configured M4 for remoteproc mode
[    7.910712] k3-m4-rproc 5000000.m4fss: local reset is deasserted for device
[    7.990047] remoteproc remoteproc0: 5000000.m4fss is available
[    7.996563] platform 78000000.r5f: configured R5F for remoteproc mode
[  OK  ] Started Network Configuration.
[    8.058585] remoteproc remoteproc0: powering up 5000000.m4fss
[    8.064424] remoteproc remoteproc0: Booting fw image am64-mcu-m4f0_0-fw, size 86084
         Starting Wait for Network to be Configured...
[    8.100627] rproc-virtio rproc-virtio.0.auto: assigned reserved memory node m4f-dma-memory@a4000000
         Starting Network Name Resolution...
[    8.120513] virtio_rpmsg_bus virtio0: rpmsg host is online
[    8.120976] virtio_rpmsg_bus virtio0: creating channel ti.ipc4.ping-pong addr 0xd
[    8.138445] virtio_rpmsg_bus virtio0: creating channel rpmsg_chrdev addr 0xe
[    8.143386] rproc-virtio rproc-virtio.0.auto: registered virtio0 (type 7)
[    8.158987] remoteproc remoteproc0: remote processor 5000000.m4fss is now up
[    8.191416] am65-cpsw-nuss 8000000.ethernet eth1: PHY [mdio_mux-0.1:03] driver [TI DP83869] (irq=POLL)
[    8.235014] am65-cpsw-nuss 8000000.ethernet eth1: configuring for phy/rgmii-rxid link mode
[    8.315051] am65-cpsw-nuss 8000000.ethernet eth0: PHY [8000f00.mdio:00] driver [TI DP83867] (irq=POLL)
[    8.330461] platform 78000000.r5f: assigned reserved memory node r5f-dma-memory@a0000000
[    8.350398] am65-cpsw-nuss 8000000.ethernet eth0: configuring for phy/rgmii-rxid link mode
[    8.472718] remoteproc remoteproc1: 78000000.r5f is available
[    8.529812] remoteproc remoteproc1: powering up 78000000.r5f
[    8.535786] remoteproc remoteproc1: Booting fw image am64-main-r5f0_0-fw, size 86352
[    8.543749] j721e-pcie-host f102000.pcie: host bridge /bus@f4000/pcie@f102000 ranges:
[    8.548214] platform 78200000.r5f: configured R5F for remoteproc mode
[    8.559706] rproc-virtio rproc-virtio.1.auto: assigned reserved memory node r5f-dma-memory@a0000000
[    8.573019] virtio_rpmsg_bus virtio1: rpmsg host is online
[    8.578730] rproc-virtio rproc-virtio.1.auto: registered virtio1 (type 7)
[    8.585747] remoteproc remoteproc1: remote processor 78000000.r5f is now up
[    8.593043] virtio_rpmsg_bus virtio1: creating channel rpmsg_chrdev addr 0xe
[    8.605190] j721e-pcie-host f102000.pcie:       IO 0x0068001000..0x0068010fff -> 0x0068001000
[    8.614326] j721e-pcie-host f102000.pcie:      MEM 0x0068011000..0x006fffffff -> 0x0068011000
[    8.646518] platform 78200000.r5f: assigned reserved memory node r5f-dma-memory@a1000000
[    8.657375] m_can_platform 20701000.can: m_can device registered (irq=506, version=32)
[    8.663218] remoteproc remoteproc2: 78200000.r5f is available
[    8.675255] m_can_platform 20711000.can: m_can device registered (irq=507, version=32)
[    8.683616] remoteproc remoteproc2: powering up 78200000.r5f
[    8.689409] remoteproc remoteproc2: Booting fw image am64-main-r5f0_1-fw, size 141772
[    8.710979] rproc-virtio rproc-virtio.2.auto: assigned reserved memory node r5f-dma-memory@a1000000
[    8.726594] virtio_rpmsg_bus virtio2: rpmsg host is online
[    8.732295] rproc-virtio rproc-virtio.2.auto: registered virtio2 (type 7)
[    8.744170] remoteproc remoteproc2: remote processor 78200000.r5f is now up
[    8.754940] virtio_rpmsg_bus virtio2: creating channel rpmsg_chrdev addr 0xe
[    8.765971] j721e-pcie-host f102000.pcie:   IB MEM 0x0000000000..0x0fffffffff -> 0x0000000000
[    8.794664] platform 78400000.r5f: configured R5F for remoteproc mode
[    9.076750] platform 78400000.r5f: assigned reserved memory node r5f-dma-memory@a2000000
[    9.271363] remoteproc remoteproc3: 78400000.r5f is available
[    9.436832] remoteproc remoteproc3: powering up 78400000.r5f
[    9.442661] remoteproc remoteproc3: Booting fw image am64-main-r5f1_0-fw, size 93260
[    9.458100] platform 78600000.r5f: configured R5F for remoteproc mode
[    9.466043] rproc-virtio rproc-virtio.3.auto: assigned reserved memory node r5f-dma-memory@a2000000
[    9.477665] virtio_rpmsg_bus virtio3: rpmsg host is online
[    9.478509] virtio_rpmsg_bus virtio3: creating channel rpmsg_chrdev addr 0xe
[    9.486374] rproc-virtio rproc-virtio.3.auto: registered virtio3 (type 7)
[    9.499079] remoteproc remoteproc3: remote processor 78400000.r5f is now up
[    9.565013] platform 78600000.r5f: assigned reserved memory node r5f-dma-memory@a3000000
[    9.665068] remoteproc remoteproc4: 78600000.r5f is available
[    9.678285] remoteproc remoteproc4: powering up 78600000.r5f
[    9.684059] remoteproc remoteproc4: Booting fw image am64-main-r5f1_1-fw, size 91520
[    9.695212] rproc-virtio rproc-virtio.4.auto: assigned reserved memory node r5f-dma-memory@a3000000
[    9.710350] virtio_rpmsg_bus virtio4: rpmsg host is online
[    9.710662] virtio_rpmsg_bus virtio4: creating channel rpmsg_chrdev addr 0xe
[    9.715981] rproc-virtio rproc-virtio.4.auto: registered virtio4 (type 7)
[    9.742430] remoteproc remoteproc4: remote processor 78600000.r5f is now up
[  OK  ] Started Network Name Resolution.
[  OK  ] Reached target Network.
[  OK  ] Reached target Host and Network Name Lookups.
         Starting Avahi mDNS/DNS-SD Stack...
         Starting Enable and configure wl18xx bluetooth stack...
         Starting containerd container runtime...
[  OK  ] Started Netperf Benchmark Server.
[  OK  ] Started NFS status monitor for NFSv2/3 locking..
         Starting Simple Network Ma…ent Protocol (SNMP) Daemon....
         Starting Permit User Sessions...
[   10.068897] j721e-pcie-host f102000.pcie: PCI host bridge to bus 0000:00
[  OK  ] Finished Permit User Sessions.
[  OK  ] Started Getty on tty1.
[   10.283003] pci_bus 0000:00: root bus resource [bus 00-ff]
[   10.288759] pci_bus 0000:00: root bus resource [io  0x0000-0xffff] (bus address [0x68001000-0x68010fff])
[   10.298344] pci_bus 0000:00: root bus resource [mem 0x68011000-0x6fffffff]
[  OK  ] Started Serial Getty on ttyS2.
[  OK  ] Reached target Login Prompts.
         Starting Synchronize System and HW clocks...
         Starting Weston, a Wayland…ositor, as a system service...
[  OK  ] Started Avahi mDNS/DNS-SD Stack.
[  OK  ] Finished Enable and configure wl18xx bluetooth stack.
[FAILED] Failed to start Synchronize Syste[   10.405920] pci 0000:00:00.0: [104c:b010] type 01 class 0x060400
m and HW clocks.
See 'systemctl status sync-clocks.service' for details.
[   10.422791] pci 0000:00:00.0: reg 0x10: [mem 0x00000000-0xfffffffff 64bit pref]
[   10.448460] pci 0000:00:00.0: supports D1
[   10.454342] pci 0000:00:00.0: PME# supported from D0 D1 D3hot
[   10.467610] pci 0000:00:00.0: bridge configuration invalid ([bus 00-00]), reconfiguring
[   10.476556] pci_bus 0000:01: busn_res: [bus 01-ff] end is updated to 01
[   10.489093] pci 0000:00:00.0: BAR 0: no space for [mem size 0x1000000000 64bit pref]
[   10.498942] pci 0000:00:00.0: BAR 0: failed to assign [mem size 0x1000000000 64bit pref]
[   10.509657] pci 0000:00:00.0: PCI bridge to [bus 01]
[   10.518641] pcieport 0000:00:00.0: of_irq_parse_pci: failed with rc=-22
[   10.529102] pcieport 0000:00:00.0: PME: Signaling with IRQ 509
[   10.539485] pcieport 0000:00:00.0: AER: enabled with IRQ 509
[   10.635475] audit: type=1334 audit(1651176133.216:6): prog-id=9 op=LOAD
[   10.644856] audit: type=1334 audit(1651176133.224:7): prog-id=10 op=LOAD
         Starting User Database Manager...
[  OK  ] Finished Print notice about GPLv3 packages.
[  OK  ] Started Simple Network Man…ement Protocol (SNMP) Daemon..
[   11.268050] remoteproc remoteproc5: 3000a000.txpru is available
[   11.387016] remoteproc remoteproc6: 3000c000.txpru is available
[   11.397661] remoteproc remoteproc7: 3008a000.txpru is available
[   11.410100] remoteproc remoteproc8: 3008c000.txpru is available
[  OK  ] Started User Database Manager.
[  OK  ] Created slice User Slice of UID 1000.
         Starting User Runtime Directory /run/user/1000...
[  OK  ] Finished User Runtime Directory /run/user/1000.
         Starting User Manager for UID 1000...
[   12.469722] audit: type=1006 audit(1651176135.048:8): pid=407 uid=0 old-auid=4294967295 auid=1000 tty=(none) old-ses=4294967295 ses=1 res=1
[   12.489626] audit: type=1300 audit(1651176135.048:8): arch=c00000b7 syscall=64 success=yes exit=4 a0=8 a1=ffffdc4b5a78 a2=4 a3=ffffb6cbc020 items=0 ppid=1 pid=407 auid=1000 uid=0 gid=0 e                                                none) ses=1 comm="(systemd)" exe="/lib/systemd/systemd" key=(null)
[   12.538342] audit: type=1327 audit(1651176135.048:8): proctitle="(systemd)"
[  OK  ] Started containerd container runtime.
[  OK  ] Started User Manager for UID 1000.
[  OK  ] Started Session c1 of User weston.
[   13.313056] audit: type=1006 audit(1651176135.892:9): pid=336 uid=0 old-auid=4294967295 auid=1000 tty=tty7 old-ses=4294967295 ses=2 res=1
[   13.332645] audit: type=1300 audit(1651176135.892:9): arch=c00000b7 syscall=64 success=yes exit=4 a0=8 a1=ffffdc4b5a78 a2=4 a3=ffffb6cbc020 items=0 ppid=1 pid=336 auid=1000 uid=0 gid=0 e                                                ty7 ses=2 comm="(weston)" exe="/lib/systemd/systemd" key=(null)
[   13.383936] audit: type=1327 audit(1651176135.892:9): proctitle="(weston)"
[FAILED] Failed to start Weston, a …mpositor, as a system service.
See 'systemctl status weston.service' for details.
[DEPEND] Dependency failed for Matrix GUI.
[  OK  ] Listening on Load/Save RF …itch Status /dev/rfkill Watch.
[   14.050773] remoteproc remoteproc9: 30038000.pru is available
[   14.058011] remoteproc remoteproc10: 30006000.rtu is available
[   14.072664] remoteproc remoteproc11: 30034000.pru is available
[   14.085174] remoteproc remoteproc12: 30004000.rtu is available
[   14.104040] remoteproc remoteproc13: 300b8000.pru is available
[   14.112933] remoteproc remoteproc14: 30086000.rtu is available
[   14.123668] remoteproc remoteproc15: 300b4000.pru is available
[   14.130993] remoteproc remoteproc16: 30084000.rtu is available
[  OK  ] Created slice Slice /system/systemd-fsck.
         Starting File System Check on /dev/mmcblk1p1...

 _____                    _____           _         _
|  _  |___ ___ ___ ___   |  _  |___ ___  |_|___ ___| |_
|     |  _| .'| . | . |  |   __|  _| . | | | -_|  _|  _|
|__|__|_| |__,|_  |___|  |__|  |_| |___|_| |___|___|_|
              |___|                    |___|

Arago Project am64xx-evm -

Arago 2023.04 am64xx-evm -

am64xx-evm login: [   24.699041] TI DP83869 300b2400.mdio:0f: attached PHY driver (mii_bus:phy_addr=300b2400.mdio:0f, irq=POLL)
[   24.713972] icssg-prueth icssg1-eth: TI PRU ethernet driver initialized: single EMAC mode
[   24.821342] remoteproc remoteproc15: powering up 300b4000.pru
[   24.833408] remoteproc remoteproc15: Booting fw image ti-pruss/am65x-sr2-pru0-prueth-fw.elf, size 38800
[   24.843102] remoteproc remoteproc15: unsupported resource 5
[   24.848775] remoteproc remoteproc15: remote processor 300b4000.pru is now up
[   24.855922] remoteproc remoteproc16: powering up 30084000.rtu
[   24.865126] remoteproc remoteproc16: Booting fw image ti-pruss/am65x-sr2-rtu0-prueth-fw.elf, size 30968
[   24.874643] remoteproc remoteproc16: remote processor 30084000.rtu is now up
[   24.881744] remoteproc remoteproc7: powering up 3008a000.txpru
[   24.890964] remoteproc remoteproc7: Booting fw image ti-pruss/am65x-sr2-txpru0-prueth-fw.elf, size 37328
[   24.900529] remoteproc remoteproc7: remote processor 3008a000.txpru is now up

am64xx-evm login:
am64xx-evm login:
am64xx-evm login:
am64xx-evm login: root
[  126.030726] audit: type=1006 audit(1651176248.612:10): pid=594 uid=0 old-auid=4294967295 auid=0 tty=(none) old-ses=4294967295 ses=3 res=1
[  126.043990] audit: type=1300 audit(1651176248.612:10): arch=c00000b7 syscall=64 success=yes exit=1 a0=8 a1=ffffdc4b5a78 a2=1 a3=ffffb6cbc020 items=0 ppid=1 pid=594 auid=0 uid=0 gid=0 eui                                                ne) ses=3 comm="(systemd)" exe="/lib/systemd/systemd" key=(null)
[  126.071949] audit: type=1327 audit(1651176248.612:10): proctitle="(systemd)"
[  126.080262] audit: type=1334 audit(1651176248.644:11): prog-id=11 op=LOAD
[  126.088601] audit: type=1300 audit(1651176248.644:11): arch=c00000b7 syscall=280 success=yes exit=8 a0=5 a1=ffffd6548770 a2=78 a3=0 items=0 ppid=1 pid=594 auid=0 uid=0 gid=0 euid=0 suid=                                                 comm="systemd" exe="/lib/systemd/systemd" key=(null)
[  126.114988] audit: type=1327 audit(1651176248.644:11): proctitle="(systemd)"
[  126.123080] audit: type=1334 audit(1651176248.652:12): prog-id=11 op=UNLOAD
[  126.131016] audit: type=1334 audit(1651176248.652:13): prog-id=12 op=LOAD
[  126.139257] audit: type=1300 audit(1651176248.652:13): arch=c00000b7 syscall=280 success=yes exit=8 a0=5 a1=ffffd6548810 a2=78 a3=0 items=0 ppid=1 pid=594 auid=0 uid=0 gid=0 euid=0 suid=                                                 comm="systemd" exe="/lib/systemd/systemd" key=(null)
[  126.165688] audit: type=1327 audit(1651176248.652:13): proctitle="(systemd)"

root@am64xx-evm:~#
root@am64xx-evm:~#
root@am64xx-evm:~#
root@am64xx-evm:~# ls /dev
autofs           dma_heap   i2c-0         loop4         mmcblk0rpmb  mtd2    mtd6ro     null   ptyp2  ptypb   rpmsg2       snapshot  tty1   tty18  tty26  tty34  tty42  tty50  tty59  ttyS0
block            fd         initctl       loop5         mmcblk1      mtd2ro  mtdblock0  port   ptyp3  ptypc   rpmsg3       snd       tty10  tty19  tty27  tty35  tty43  tty51  tty6   ttyS1
btrfs-control    full       kmsg          loop6         mmcblk1p1    mtd3    mtdblock1  pps0   ptyp4  ptypd   rpmsg4       stderr    tty11  tty2   tty28  tty36  tty44  tty52  tty60  ttyS2
char             fuse       log           loop7         mmcblk1p2    mtd3ro  mtdblock2  ptmx   ptyp5  ptype   rpmsg_ctrl0  stdin     tty12  tty20  tty29  tty37  tty45  tty53  tty61  ttyS3
console          gpiochip0  loop-control  mapper        mqueue       mtd4    mtdblock3  ptp0   ptyp6  ptypf   rpmsg_ctrl1  stdout    tty13  tty21  tty3   tty38  tty46  tty54  tty62  ttyp0
cpu_dma_latency  gpiochip1  loop0         mem           mtd0         mtd4ro  mtdblock4  ptp1   ptyp7  random  rpmsg_ctrl2  tee0      tty14  tty22  tty30  tty39  tty47  tty55  tty63  ttyp1
crypto           gpiochip2  loop1         mmcblk0       mtd0ro       mtd5    mtdblock5  pts    ptyp8  rfkill  rpmsg_ctrl3  teepriv0  tty15  tty23  tty31  tty4   tty48  tty56  tty7   ttyp2
cuse             hugepages  loop2         mmcblk0boot0  mtd1         mtd5ro  mtdblock6  ptyp0  ptyp9  rpmsg0  rpmsg_ctrl4  tty       tty16  tty24  tty32  tty40  tty49  tty57  tty8   ttyp3
disk             hwrng      loop3         mmcblk0boot1  mtd1ro       mtd6    net        ptyp1  ptypa  rpmsg1  shm          tty0      tty17  tty25  tty33  tty41  tty5   tty58  tty9   ttyp4
root@am64xx-evm:~#
root@am64xx-evm:~#
root@am64xx-evm:~# lsmod
Module                  Size  Used by
rpmsg_ctrl             16384  0
rpmsg_char             16384  1 rpmsg_ctrl
cdns3                  45056  0
cdns_usb_common        20480  1 cdns3
pci_endpoint_test      20480  0
irq_pruss_intc         16384  1
icssg_prueth           77824  0
crct10dif_ce           16384  1
pru_rproc              24576  4 icssg_prueth
icss_iep               24576  1 icssg_prueth
hsr                    40960  1 icssg_prueth
overlay               122880  0
phy_can_transceiver    16384  2
pci_j721e_host         16384  0
pci_j721e              16384  1 pci_j721e_host
pcie_cadence_host      16384  1 pci_j721e_host
pcie_cadence           16384  2 pcie_cadence_host,pci_j721e_host
cdns3_ti               16384  0
ti_k3_r5_remoteproc    28672  0
ti_k3_m4_remoteproc    16384  0
ti_k3_common           16384  1 ti_k3_m4_remoteproc
virtio_rpmsg_bus       20480  0
rpmsg_ns               16384  1 virtio_rpmsg_bus
wlcore_sdio            16384  0
wl18xx                114688  0
wlcore                217088  1 wl18xx
mac80211              548864  2 wl18xx,wlcore
libarc4                16384  1 mac80211
cfg80211              380928  3 wl18xx,wlcore,mac80211
rfkill                 24576  2 cfg80211
m_can_platform         16384  0
m_can                  24576  1 m_can_platform
sa2ul                  36864  0
optee_rng              16384  0
rng_core               20480  1 optee_rng
can_dev                36864  1 m_can
pruss                  16384  1 icssg_prueth
pwm_tiecap             16384  0
spi_omap2_mcspi        24576  0
cryptodev              53248  0
fuse                  131072  1
drm                   557056  0
drm_panel_orientation_quirks    28672  1 drm
ipv6                  475136  40
root@am64xx-evm:~#
root@am64xx-evm:~#
root@am64xx-evm:~# dmesg | grep pci
[    8.543749] j721e-pcie-host f102000.pcie: host bridge /bus@f4000/pcie@f102000 ranges:
[    8.605190] j721e-pcie-host f102000.pcie:       IO 0x0068001000..0x0068010fff -> 0x0068001000
[    8.614326] j721e-pcie-host f102000.pcie:      MEM 0x0068011000..0x006fffffff -> 0x0068011000
[    8.765971] j721e-pcie-host f102000.pcie:   IB MEM 0x0000000000..0x0fffffffff -> 0x0000000000
[   10.068897] j721e-pcie-host f102000.pcie: PCI host bridge to bus 0000:00
[   10.283003] pci_bus 0000:00: root bus resource [bus 00-ff]
[   10.288759] pci_bus 0000:00: root bus resource [io  0x0000-0xffff] (bus address [0x68001000-0x68010fff])
[   10.298344] pci_bus 0000:00: root bus resource [mem 0x68011000-0x6fffffff]
[   10.405920] pci 0000:00:00.0: [104c:b010] type 01 class 0x060400
[   10.422791] pci 0000:00:00.0: reg 0x10: [mem 0x00000000-0xfffffffff 64bit pref]
[   10.448460] pci 0000:00:00.0: supports D1
[   10.454342] pci 0000:00:00.0: PME# supported from D0 D1 D3hot
[   10.467610] pci 0000:00:00.0: bridge configuration invalid ([bus 00-00]), reconfiguring
[   10.476556] pci_bus 0000:01: busn_res: [bus 01-ff] end is updated to 01
[   10.489093] pci 0000:00:00.0: BAR 0: no space for [mem size 0x1000000000 64bit pref]
[   10.498942] pci 0000:00:00.0: BAR 0: failed to assign [mem size 0x1000000000 64bit pref]
[   10.509657] pci 0000:00:00.0: PCI bridge to [bus 01]
[   10.518641] pcieport 0000:00:00.0: of_irq_parse_pci: failed with rc=-22
[   10.529102] pcieport 0000:00:00.0: PME: Signaling with IRQ 509
[   10.539485] pcieport 0000:00:00.0: AER: enabled with IRQ 509
root@am64xx-evm:~# þ
U-Boot SPL 2023.04-g24098ea90d (Jul 06 2023 - 12:59:40 +0000)
Resetting on cold boot to workaround ErrataID:i2331
Please resend tiboot3.bin in case of UART/DFU boot
resetting ...

U-Boot SPL 2023.04-g24098ea90d (Jul 06 2023 - 12:59:40 +0000)
SYSFW ABI: 3.1 (firmware rev 0x0009 '9.0.5--v09.00.05 (Kool Koala)')
SPL initial stack usage: 13376 bytes
Trying to boot from MMC2
Authentication passed
Authentication passed
Authentication passed
Authentication passed
Loading Environment from MMC... *** Warning - No MMC card found, using default environment

Starting ATF on ARM64 core...

NOTICE:  BL31: v2.8(release):v2.8-226-g2fcd408bb3-dirty
NOTICE:  BL31: Built : 00:42:57, Jan 13 2023
I/TC:
I/TC: OP-TEE version: 3.20.0 (gcc version 11.3.0 (GCC)) #1 Fri Jan 20 15:42:54 UTC 2023 aarch64
I/TC: WARNING: This OP-TEE configuration might be insecure!
I/TC: WARNING: Please check https://optee.readthedocs.io/en/latest/architecture/porting_guidelines.html
I/TC: Primary CPU initializing
I/TC: SYSFW ABI: 3.1 (firmware rev 0x0009 '9.0.5--v09.00.05 (Kool Koala)')
I/TC: HUK Initialized
I/TC: Activated SA2UL device
I/TC: Enabled firewalls for SA2UL TRNG device
I/TC: SA2UL TRNG initialized
I/TC: SA2UL Drivers initialized
I/TC: Primary CPU switching to normal world boot

U-Boot SPL 2023.04-g24098ea90d (Jul 06 2023 - 12:59:40 +0000)
SYSFW ABI: 3.1 (firmware rev 0x0009 '9.0.5--v09.00.05 (Kool Koala)')
Trying to boot from MMC2
Authentication passed
Authentication passed


U-Boot 2023.04-g24098ea90d (Jul 06 2023 - 12:59:40 +0000)

SoC:   AM64X SR2.0 HS-FS
Model: Texas Instruments AM642 EVM
Board: AM64-EVM rev C
DRAM:  2 GiB
Core:  59 devices, 29 uclasses, devicetree: separate
MMC:   mmc@fa10000: 0, mmc@fa00000: 1
Loading Environment from MMC... *** Warning - bad CRC, using default environment

In:    serial@2800000
Out:   serial@2800000
Err:   serial@2800000
Unidentified board claims AM64-EVM in eeprom header
Net:   eth0: ethernet@8000000port@1
Hit any key to stop autoboot:  0
switch to partitions #0, OK
mmc1 is current device
SD/MMC found on device 1
Failed to load 'boot.scr'
574 bytes read in 30 ms (18.6 KiB/s)
Loaded env from uEnv.txt
Importing environment from mmc1 ...
20593152 bytes read in 851 ms (23.1 MiB/s)
57838 bytes read in 34 ms (1.6 MiB/s)
Working FDT set to 88000000
## Flattened Device Tree blob at 88000000
   Booting using the fdt blob at 0x88000000
Working FDT set to 88000000
   Loading Device Tree to 000000008feee000, end 000000008fffffff ... OK
Working FDT set to 8feee000

Starting kernel ...

[    0.000000] Booting Linux on physical CPU 0x0000000000 [0x410fd034]
[    0.000000] Linux version 6.1.33-g40c32565ca (oe-user@oe-host) (aarch64-oe-linux-gcc (GCC) 11.3.0, GNU ld (GNU Binutils) 2.38.20220708) #1 SMP PREEMPT Thu Jul  6 14:17:24 UTC 2023
[    0.000000] Machine model: Texas Instruments AM642 EVM
[    0.000000] earlycon: ns16550a0 at MMIO32 0x0000000002800000 (options '')
[    0.000000] printk: bootconsole [ns16550a0] enabled
[    0.000000] efi: UEFI not found.
[    0.000000] Reserved memory: created DMA memory pool at 0x00000000a0000000, size 1 MiB
[    0.000000] OF: reserved mem: initialized node r5f-dma-memory@a0000000, compatible id shared-dma-pool
[    0.000000] Reserved memory: created DMA memory pool at 0x00000000a0100000, size 15 MiB
[    0.000000] OF: reserved mem: initialized node r5f-memory@a0100000, compatible id shared-dma-pool
[    0.000000] Reserved memory: created DMA memory pool at 0x00000000a1000000, size 1 MiB
[    0.000000] OF: reserved mem: initialized node r5f-dma-memory@a1000000, compatible id shared-dma-pool
[    0.000000] Reserved memory: created DMA memory pool at 0x00000000a1100000, size 15 MiB
[    0.000000] OF: reserved mem: initialized node r5f-memory@a1100000, compatible id shared-dma-pool
[    0.000000] Reserved memory: created DMA memory pool at 0x00000000a2000000, size 1 MiB
[    0.000000] OF: reserved mem: initialized node r5f-dma-memory@a2000000, compatible id shared-dma-pool
[    0.000000] Reserved memory: created DMA memory pool at 0x00000000a2100000, size 15 MiB
[    0.000000] OF: reserved mem: initialized node r5f-memory@a2100000, compatible id shared-dma-pool
[    0.000000] Reserved memory: created DMA memory pool at 0x00000000a3000000, size 1 MiB
[    0.000000] OF: reserved mem: initialized node r5f-dma-memory@a3000000, compatible id shared-dma-pool
[    0.000000] Reserved memory: created DMA memory pool at 0x00000000a3100000, size 15 MiB
[    0.000000] OF: reserved mem: initialized node r5f-memory@a3100000, compatible id shared-dma-pool
[    0.000000] Reserved memory: created DMA memory pool at 0x00000000a4000000, size 1 MiB
[    0.000000] OF: reserved mem: initialized node m4f-dma-memory@a4000000, compatible id shared-dma-pool
[    0.000000] Reserved memory: created DMA memory pool at 0x00000000a4100000, size 15 MiB
[    0.000000] OF: reserved mem: initialized node m4f-memory@a4100000, compatible id shared-dma-pool
[    0.000000] Zone ranges:
[    0.000000]   DMA      [mem 0x0000000080000000-0x00000000ffffffff]
[    0.000000]   DMA32    empty
[    0.000000]   Normal   empty
[    0.000000] Movable zone start for each node
[    0.000000] Early memory node ranges
[    0.000000]   node   0: [mem 0x0000000080000000-0x000000009e7fffff]
[    0.000000]   node   0: [mem 0x000000009e800000-0x00000000a57fffff]
[    0.000000]   node   0: [mem 0x00000000a5800000-0x00000000ffffffff]
[    0.000000] Initmem setup node 0 [mem 0x0000000080000000-0x00000000ffffffff]
[    0.000000] cma: Reserved 32 MiB at 0x00000000fba00000
[    0.000000] psci: probing for conduit method from DT.
[    0.000000] psci: PSCIv1.1 detected in firmware.
[    0.000000] psci: Using standard PSCI v0.2 function IDs
[    0.000000] psci: Trusted OS migration not required
[    0.000000] psci: SMC Calling Convention v1.2
[    0.000000] percpu: Embedded 19 pages/cpu s38376 r8192 d31256 u77824
[    0.000000] Detected VIPT I-cache on CPU0
[    0.000000] CPU features: detected: GIC system register CPU interface
[    0.000000] CPU features: detected: ARM erratum 845719
[    0.000000] alternatives: applying boot alternatives
[    0.000000] Built 1 zonelists, mobility grouping on.  Total pages: 516096
[    0.000000] Kernel command line: console=ttyS2,115200n8 earlycon=ns16550a,mmio32,0x02800000 root=PARTUUID=3a4a99a8-02 rw rootfstype=ext4 rootwait
[    0.000000] Dentry cache hash table entries: 262144 (order: 9, 2097152 bytes, linear)
[    0.000000] Inode-cache hash table entries: 131072 (order: 8, 1048576 bytes, linear)
[    0.000000] mem auto-init: stack:off, heap alloc:off, heap free:off
[    0.000000] Memory: 1888828K/2097152K available (12480K kernel code, 1294K rwdata, 4040K rodata, 2176K init, 498K bss, 175556K reserved, 32768K cma-reserved)
[    0.000000] SLUB: HWalign=64, Order=0-3, MinObjects=0, CPUs=2, Nodes=1
[    0.000000] rcu: Preemptible hierarchical RCU implementation.
[    0.000000] rcu:     RCU event tracing is enabled.
[    0.000000] rcu:     RCU restricting CPUs from NR_CPUS=256 to nr_cpu_ids=2.
[    0.000000]  Trampoline variant of Tasks RCU enabled.
[    0.000000]  Tracing varianüü
U-Boot SPL 2023.04-g24098ea90d (Jul 06 2023 - 12:59:40 +0000)
Resetting on cold boot to workaround ErrataID:i2331
Please resend tiboot3.bin in case of UART/DFU boot
resetting ...

U-Boot SPL 2023.04-g24098ea90d (Jul 06 2023 - 12:59:40 +0000)
SYSFW ABI: 3.1 (firmware rev 0x0009 '9.0.5--v09.00.05 (Kool Koala)')
SPL initial stack usage: 13376 bytes
Trying to boot from MMC2
Authentication passed
Authentication passed
Authentication passed
Authentication passed
Loading Environment from MMC... *** Warning - No MMC card found, using default environment

Starting ATF on ARM64 core...

NOTICE:  BL31: v2.8(release):v2.8-226-g2fcd408bb3-dirty
NOTICE:  BL31: Built : 00:42:57, Jan 13 2023
I/TC:
I/TC: OP-TEE version: 3.20.0 (gcc version 11.3.0 (GCC)) #1 Fri Jan 20 15:42:54 UTC 2023 aarch64
I/TC: WARNING: This OP-TEE configuration might be insecure!
I/TC: WARNING: Please check https://optee.readthedocs.io/en/latest/architecture/porting_guidelines.html
I/TC: Primary CPU initializing
I/TC: SYSFW ABI: 3.1 (firmware rev 0x0009 '9.0.5--v09.00.05 (Kool Koala)')
I/TC: HUK Initialized
I/TC: Activated SA2UL device
I/TC: Enabled firewalls for SA2UL TRNG device
I/TC: SA2UL TRNG initialized
I/TC: SA2UL Drivers initialized
I/TC: Primary CPU switching to normal world boot

U-Boot SPL 2023.04-g24098ea90d (Jul 06 2023 - 12:59:40 +0000)
SYSFW ABI: 3.1 (firmware rev 0x0009 '9.0.5--v09.00.05 (Kool Koala)')
Trying to boot from MMC2
Authentication passed
þ
U-Boot SPL 2023.04-g24098ea90d (Jul 06 2023 - 12:59:40 +0000)
Resetting on cold boot to workaround ErrataID:i2331
Please resend tiboot3.bin in case of UART/DFU boot
resetting ...

U-Boot SPL 2023.04-g24098ea90d (Jul 06 2023 - 12:59:40 +0000)
SYSFW ABI: 3.1 (firmware rev 0x0009 '9.0.5--v09.00.05 (Kool Koala)')
SPL initial stack usage: 13376 bytes
Trying to boot from MMC2
Authentication passed
Authentication passed
Authentication passed
Authentication passed
Loading Environment from MMC... *** Warning - No MMC card found, using default environment

Starting ATF on ARM64 core...

NOTICE:  BL31: v2.8(release):v2.8-226-g2fcd408bb3-dirty
NOTICE:  BL31: Built : 00:42:57, Jan 13 2023
I/TC:
I/TC: OP-TEE version: 3.20.0 (gcc version 11.3.0 (GCC)) #1 Fri Jan 20 15:42:54 UTC 2023 aarch64
I/TC: WARNING: This OP-TEE configuration might be insecure!
I/TC: WARNING: Please check https://optee.readthedocs.io/en/latest/architecture/porting_guidelines.html
I/TC: Primary CPU initializing
I/TC: SYSFW ABI: 3.1 (firmware rev 0x0009 '9.0.5--v09.00.05 (Kool Koala)')
I/TC: HUK Initialized
I/TC: Activated SA2UL device
I/TC: Enabled firewalls for SA2UL TRNG device
I/TC: SA2UL TRNG initialized
I/TC: SA2UL Drivers initialized
I/TC: Primary CPU switching to normal world boot

U-Boot SPL 2023.04-g24098ea90d (Jul 06 2023 - 12:59:40 +0000)
SYSFW ABI: 3.1 (firmware rev 0x0009 '9.0.5--v09.00.05 (Kool Koala)')
Trying to boot from MMC2
Authentication passed
üü
U-Boot SPL 2023.04-g24098ea90d (Jul 06 2023 - 12:59:40 +0000)
Resetting on cold boot to workaround ErrataID:i2331
Please resend tiboot3.bin in case of UART/DFU boot
resetting ...

U-Boot SPL 2023.04-g24098ea90d (Jul 06 2023 - 12:59:40 +0000)
SYSFW ABI: 3.1 (firmware rev 0x0009 '9.0.5--v09.00.05 (Kool Koala)')
SPL initial stack usage: 13376 bytes
Trying to boot from MMC2
Authentication passed
Authentication passed
Authentication passed
Authentication passed
Loading Environment from MMC... *** Warning - No MMC card found, using default environment

Starting ATF on ARM64 core...

NOTICE:  BL31: v2.8(release):v2.8-226-g2fcd408bb3-dirty
NOTICE:  BL31: Built : 00:42:57, Jan 13 2023
I/TC:
I/TC: OP-TEE version: 3.20.0 (gcc version 11.3.0 (GCC)) #1 Fri Jan 20 15:42:54 UTC 2023 aarch64
I/TC: WARNING: This OP-TEE configuration might be insecure!
I/TC: WARNING: Please check https://optee.readthedocs.io/en/latest/architecture/porting_guidelines.html
I/TC: Primary CPU initializing
I/TC: SYSFW ABI: 3.1 (firmware rev 0x0009 '9.0.5--v09.00.05 (Kool Koala)')
I/TC: HUK Initialized
I/TC: Activated SA2UL device
I/TC: Enabled firewalls for SA2UL TRNG device
I/TC: SA2UL TRNG initialized
I/TC: SA2UL Drivers initialized
I/TC: Primary CPU switching to normal world boot

U-Boot SPL 2023.04-g24098ea90d (Jul 06 2023 - 12:59:40 +0000)
SYSFW ABI: 3.1 (firmware rev 0x0009 '9.0.5--v09.00.05 (Kool Koala)')
Trying to boot from MMC2
Authentication passed
Authentication passed


U-Boot 2023.04-g24098ea90d (Jul 06 2023 - 12:59:40 +0000)

SoC:   AM64X SR2.0 HS-FS
Model: Texas Instruments AM642 EVM
Board: AM64-EVM rev C
DRAM:  2 GiB
Core:  59 devices, 29 uclasses, devicetree: separate
MMC:   mmc@fa10000: 0, mmc@fa00000: 1
Loading Environment from MMC... *** Warning - bad CRC, using default environment

In:    serial@2800000
Out:   serial@2800000
Err:   serial@2800000
Unidentified board claims AM64-EVM in eeprom header
Net:   eth0: ethernet@8000000port@1
Hit any key to stop autoboot:  0
switch to partitions #0, OK
mmc1 is current device
SD/MMC found on device 1
Failed to load 'boot.scr'
574 bytes read in 29 ms (18.6 KiB/s)
Loaded env from uEnv.txt
Importing environment from mmc1 ...
20593152 bytes read in 850 ms (23.1 MiB/s)
57838 bytes read in 34 ms (1.6 MiB/s)
Working FDT set to 88000000
## Flattened Device Tree blob at 88000000
   Booting using the fdt blob at 0x88000000
Working FDT set to 88000000
   Loading Device Tree to 000000008feee000, end 000000008fffffff ... OK
Working FDT set to 8feee000

Starting kernel ...

[    0.000000] Booting Linux on physical CPU 0x0000000000 [0x410fd034]
[    0.000000] Linux version 6.1.33-g40c32565ca (oe-user@oe-host) (aarch64-oe-linux-gcc (GCC) 11.3.0, GNU ld (GNU Binutils) 2.38.20220708) #1 SMP PREEMPT Thu Jul  6 14:17:24 UTC 2023
[    0.000000] Machine model: Texas Instruments AM642 EVM
[    0.000000] earlycon: ns16550a0 at MMIO32 0x0000000002800000 (options '')
[    0.000000] printk: bootconsole [ns16550a0] enabled
[    0.000000] efi: UEFI not found.
[    0.000000] Reserved memory: created DMA memory pool at 0x00000000a0000000, size 1 MiB
[    0.000000] OF: reserved mem: initialized node r5f-dma-memory@a0000000, compatible id shared-dma-pool
[    0.000000] Reserved memory: created DMA memory pool at 0x00000000a0100000, size 15 MiB
[    0.000000] OF: reserved mem: initialized node r5f-memory@a0100000, compatible id shared-dma-pool
[    0.000000] Reserved memory: created DMA memory pool at 0x00000000a1000000, size 1 MiB
[    0.000000] OF: reserved mem: initialized node r5f-dma-memory@a1000000, compatible id shared-dma-pool
[    0.000000] Reserved memory: created DMA memory pool at 0x00000000a1100000, size 15 MiB
[    0.000000] OF: reserved mem: initialized node r5f-memory@a1100000, compatible id shared-dma-pool
[    0.000000] Reserved memory: created DMA memory pool at 0x00000000a2000000, size 1 MiB
[    0.000000] OF: reserved mem: initialized node r5f-dma-memory@a2000000, compatible id shared-dma-pool
[    0.000000] Reserved memory: created DMA memory pool at 0x00000000a2100000, size 15 MiB
[    0.000000] OF: reserved mem: initialized node r5f-memory@a2100000, compatible id shared-dma-pool
[    0.000000] Reserved memory: created DMA memory pool at 0x00000000a3000000, size 1 MiB
[    0.000000] OF: reserved mem: initialized node r5f-dma-memory@a3000000, compatible id shared-dma-pool
[    0.000000] Reserved memory: created DMA memory pool at 0x00000000a3100000, size 15 MiB
[    0.000000] OF: reserved mem: initialized node r5f-memory@a3100000, compatible id shared-dma-pool
[    0.000000] Reserved memory: created DMA memory pool at 0x00000000a4000000, size 1 MiB
[    0.000000] OF: reserved mem: initialized node m4f-dma-memory@a4000000, compatible id shared-dma-pool
[    0.000000] Reserved memory: created DMA memory pool at 0x00000000a4100000, size 15 MiB
[    0.000000] OF: reserved mem: initialized node m4f-memory@a4100000, compatible id shared-dma-pool
[    0.000000] Zone ranges:
[    0.000000]   DMA      [mem 0x0000000080000000-0x00000000ffffffff]
[    0.000000]   DMA32    empty
[    0.000000]   Normal   empty
[    0.000000] Movable zone start for each node
[    0.000000] Early memory node ranges
[    0.000000]   node   0: [mem 0x0000000080000000-0x000000009e7fffff]
[    0.000000]   node   0: [mem 0x000000009e800000-0x00000000a57fffff]
[    0.000000]   node   0: [mem 0x00000000a5800000-0x00000000ffffffff]
[    0.000000] Initmem setup node 0 [mem 0x0000000080000000-0x00000000ffffffff]
[    0.000000] cma: Reserved 32 MiB at 0x00000000fba00000
[    0.000000] psci: probing for conduit method from DT.
[    0.000000] psci: PSCIv1.1 detected in firmware.
[    0.000000] psci: Using standard PSCI v0.2 function IDs
[    0.000000] psci: Trusted OS migration not required
[    0.000000] psci: SMC Calling Convention v1.2
[    0.000000] percpu: Embedded 19 pages/cpu s38376 r8192 d31256 u77824
[    0.000000] Detected VIPT I-cache on CPU0
[    0.000000] CPU features: detected: GIC system register CPU interface
[    0.000000] CPU features: detected: ARM erratum 845719
[    0.000000] alternatives: applying boot alternatives
[    0.000000] Built 1 zonelists, mobility grouping on.  Total pages: 516096
[    0.000000] Kernel command line: console=ttyS2,115200n8 earlycon=ns16550a,mmio32,0x02800000 root=PARTUUID=3a4a99a8-02 rw rootfstype=ext4 rootwait
[    0.000000] Dentry cache hash table entries: 262144 (order: 9, 2097152 bytes, linear)
[    0.000000] Inode-cache hash table entries: 131072 (order: 8, 1048576 bytes, linear)
[    0.000000] mem auto-init: stack:off, heap alloc:off, heap free:off
[    0.000000] Memory: 1888828K/2097152K available (12480K kernel code, 1294K rwdata, 4040K rodata, 2176K init, 498K bss, 175556K reserved, 32768K cma-reserved)
[    0.000000] SLUB: HWalign=64, Order=0-3, MinObjects=0, CPUs=2, Nodes=1
[    0.000000] rcu: Preemptible hierarchical RCU implementation.
[    0.000000] rcu:     RCU event tracing is enabled.
[    0.000000] rcu:     RCU restricting CPUs from NR_CPUS=256 to nr_cpu_ids=2.
[    0.000000]  Trampoline variant of Tasks RCU enabled.
[    0.000000]  Tracing variant of Tasks RCU enabled.
[    0.000000] rcu: RCU calculated value of scheduler-enlistment delay is 25 jiffies.
[    0.000000] rcu: Adjusting geometry for rcu_fanout_leaf=16, nr_cpu_ids=2
[    0.000000] NR_IRQS: 64, nr_irqs: 64, preallocated irqs: 0
[    0.000000] GICv3: GIC: Using split EOI/Deactivate mode
[    0.000000] GICv3: 256 SPIs implemented
[    0.000000] GICv3: 0 Extended SPIs implemented
[    0.000000] Root IRQ handler: gic_handle_irq
[    0.000000] GICv3: GICv3 features: 16 PPIs
[    0.000000] GICv3: CPU0: found redistributor 0 region 0:0x0000000001840000
[    0.000000] ITS [mem 0x01820000-0x0182ffff]
[    0.000000] GIC: enabling workaround for ITS: Socionext Synquacer pre-ITS
[    0.000000] ITS@0x0000000001820000: Devices Table too large, reduce ids 20->19
[    0.000000] ITS@0x0000000001820000: allocated 524288 Devices @80800000 (flat, esz 8, psz 64K, shr 0)
[    0.000000] ITS: using cache flushing for cmd queue
[    0.000000] GICv3: using LPI property table @0x0000000080030000
[    0.000000] GIC: using cache flushing for LPI property table
[    0.000000] GICv3: CPU0: using allocated LPI pending table @0x0000000080040000
[    0.000000] rcu: srcu_init: Setting srcu_struct sizes based on contention.
[    0.000000] arch_timer: cp15 timer(s) running at 200.00MHz (phys).
[    0.000000] clocksource: arch_sys_counter: mask: 0x3ffffffffffffff max_cycles: 0x2e2049d3e8, max_idle_ns: 440795210634 ns
[    0.000001] sched_clock: 58 bits at 200MHz, resolution 5ns, wraps every 4398046511102ns
[    0.008613] Console: colour dummy device 80x25
[    0.013213] Calibrating delay loop (skipped), value calculated using timer frequency.. 400.00 BogoMIPS (lpj=800000)
[    0.023892] pid_max: default: 32768 minimum: 301
[    0.028673] LSM: Security Framework initializing
[    0.033550] Mount-cache hash table entries: 4096 (order: 3, 32768 bytes, linear)
[    0.041133] Mountpoint-cache hash table entries: 4096 (order: 3, 32768 bytes, linear)
[    0.051157] cblist_init_generic: Setting adjustable number of callback queues.
[    0.058630] cblist_init_generic: Setting shift to 1 and lim to 1.
[    0.064952] cblist_init_generic: Setting shift to 1 and lim to 1.
[    0.071389] rcu: Hierarchical SRCU implementation.
[    0.076300] rcu:     Max phase no-delay instances is 1000.
[    0.081982] Platform MSI: msi-controller@1820000 domain created
[    0.088397] PCI/MSI: /bus@f4000/interrupt-controller@1800000/msi-controller@1820000 domain created
[    0.098508] EFI services will not be available.
[    0.103492] smp: Bringing up secondary CPUs ...
I/TC: Secondary CPU 1 initializing
I/TC: Secondary CPU 1 switching to normal world boot
[    0.117171] Detected VIPT I-cache on CPU1
[    0.117317] GICv3: CPU1: found redistributor 1 region 0:0x0000000001860000
[    0.117338] GICv3: CPU1: using allocated LPI pending table @0x0000000080050000
[    0.117400] CPU1: Booted secondary processor 0x0000000001 [0x410fd034]
[    0.117531] smp: Brought up 1 node, 2 CPUs
[    0.146920] SMP: Total of 2 processors activated.
[    0.151733] CPU features: detected: 32-bit EL0 Support
[    0.157006] CPU features: detected: CRC32 instructions
[    0.162334] CPU: All CPU(s) started at EL2
[    0.166520] alternatives: applying system-wide alternatives
[    0.174243] devtmpfs: initialized
[    0.187079] clocksource: jiffies: mask: 0xffffffff max_cycles: 0xffffffff, max_idle_ns: 7645041785100000 ns
[    0.197096] futex hash table entries: 512 (order: 3, 32768 bytes, linear)
[    0.205449] pinctrl core: initialized pinctrl subsystem
[    0.211524] DMI not present or invalid.
[    0.216256] NET: Registered PF_NETLINK/PF_ROUTE protocol family
[    0.223669] DMA: preallocated 256 KiB GFP_KERNEL pool for atomic allocations
[    0.231127] DMA: preallocated 256 KiB GFP_KERNEL|GFP_DMA pool for atomic allocations
[    0.239250] DMA: preallocated 256 KiB GFP_KERNEL|GFP_DMA32 pool for atomic allocations
[    0.247461] audit: initializing netlink subsys (disabled)
[    0.253379] audit: type=2000 audit(0.160:1): state=initialized audit_enabled=0 res=1
[    0.254046] thermal_sys: Registered thermal governor 'step_wise'
[    0.261319] thermal_sys: Registered thermal governor 'power_allocator'
[    0.267746] cpuidle: using governor menu
[    0.278689] hw-breakpoint: found 6 breakpoint and 4 watchpoint registers.
[    0.285708] ASID allocator initialised with 65536 entries
[    0.306002] KASLR disabled due to lack of seed
[    0.319359] HugeTLB: registered 1.00 GiB page size, pre-allocated 0 pages
[    0.326333] HugeTLB: 0 KiB vmemmap can be freed for a 1.00 GiB page
[    0.332742] HugeTLB: registered 32.0 MiB page size, pre-allocated 0 pages
[    0.339676] HugeTLB: 0 KiB vmemmap can be freed for a 32.0 MiB page
[    0.346080] HugeTLB: registered 2.00 MiB page size, pre-allocated 0 pages
[    0.353015] HugeTLB: 0 KiB vmemmap can be freed for a 2.00 MiB page
[    0.359421] HugeTLB: registered 64.0 KiB page size, pre-allocated 0 pages
[    0.366357] HugeTLB: 0 KiB vmemmap can be freed for a 64.0 KiB page
[    0.375133] k3-chipinfo 43000014.chipid: Family:AM64X rev:SR2.0 JTAGID[0x1bb3802f] Detected
[    0.385632] iommu: Default domain type: Translated
[    0.390646] iommu: DMA domain TLB invalidation policy: strict mode
[    0.397410] SCSI subsystem initialized
[    0.401801] usbcore: registered new interface driver usbfs
[    0.407470] usbcore: registered new interface driver hub
[    0.412934] usbcore: registered new device driver usb
[    0.418732] pps_core: LinuxPPS API ver. 1 registered
[    0.423822] pps_core: Software ver. 5.3.6 - Copyright 2005-2007 Rodolfo Giometti <giometti@linux.it>
[    0.433175] PTP clock support registered
[    0.437320] EDAC MC: Ver: 3.0.0
[    0.441822] omap-mailbox 29020000.mailbox: omap mailbox rev 0x66fc9100
[    0.448795] omap-mailbox 29040000.mailbox: omap mailbox rev 0x66fc9100
[    0.455649] omap-mailbox 29060000.mailbox: omap mailbox rev 0x66fc9100
[    0.463114] FPGA manager framework
[    0.466725] Advanced Linux Sound Architecture Driver Initialized.
[    0.474223] clocksource: Switched to clocksource arch_sys_counter
[    0.480822] VFS: Disk quotas dquot_6.6.0
[    0.484897] VFS: Dquot-cache hash table entries: 512 (order 0, 4096 bytes)
[    0.499244] NET: Registered PF_INET protocol family
[    0.504588] IP idents hash table entries: 32768 (order: 6, 262144 bytes, linear)
[    0.514331] tcp_listen_portaddr_hash hash table entries: 1024 (order: 2, 16384 bytes, linear)
[    0.523181] Table-perturb hash table entries: 65536 (order: 6, 262144 bytes, linear)
[    0.531131] TCP established hash table entries: 16384 (order: 5, 131072 bytes, linear)
[    0.539356] TCP bind hash table entries: 16384 (order: 7, 524288 bytes, linear)
[    0.547390] TCP: Hash tables configured (established 16384 bind 16384)
[    0.554375] UDP hash table entries: 1024 (order: 3, 32768 bytes, linear)
[    0.561309] UDP-Lite hash table entries: 1024 (order: 3, 32768 bytes, linear)
[    0.568885] NET: Registered PF_UNIX/PF_LOCAL protocol family
[    0.575307] RPC: Registered named UNIX socket transport module.
[    0.581417] RPC: Registered udp transport module.
[    0.586229] RPC: Registered tcp transport module.
[    0.591038] RPC: Registered tcp NFSv4.1 backchannel transport module.
[    0.597632] NET: Registered PF_XDP protocol family
[    0.602571] PCI: CLS 0 bytes, default 64
[    0.607439] hw perfevents: enabled with armv8_cortex_a53 PMU driver, 7 counters available
[    0.617690] Initialise system trusted keyrings
[    0.622610] workingset: timestamp_bits=46 max_order=19 bucket_order=0
[    0.636408] squashfs: version 4.0 (2009/01/31) Phillip Lougher
[    0.643360] NFS: Registering the id_resolver key type
[    0.648631] Key type id_resolver registered
[    0.652911] Key type id_legacy registered
[    0.657094] nfs4filelayout_init: NFSv4 File Layout Driver Registering...
[    0.663950] nfs4flexfilelayout_init: NFSv4 Flexfile Layout Driver Registering...
[    0.671778] 9p: Installing v9fs 9p2000 file system support
[    0.720472] Key type asymmetric registered
[    0.724669] Asymmetric key parser 'x509' registered
[    0.729751] Block layer SCSI generic (bsg) driver version 0.4 loaded (major 245)
[    0.737586] io scheduler mq-deadline registered
[    0.742256] io scheduler kyber registered
[    0.749785] pinctrl-single 4084000.pinctrl: 33 pins, size 132
[    0.756613] pinctrl-single f4000.pinctrl: 180 pins, size 720
[    0.763675] pinctrl-single a40000.pinctrl: 512 pins, size 2048
[    0.778833] Serial: 8250/16550 driver, 4 ports, IRQ sharing enabled
[    0.795232] loop: module loaded
[    0.799976] megasas: 07.719.03.00-rc1
[    0.808739] tun: Universal TUN/TAP device driver, 1.6
[    0.814985] thunder_xcv, ver 1.0
[    0.818389] thunder_bgx, ver 1.0
[    0.821716] nicpf, ver 1.0
[    0.824969] hns3: Hisilicon Ethernet Network Driver for Hip08 Family - version
[    0.832360] hns3: Copyright (c) 2017 Huawei Corporation.
[    0.837889] hclge is initializing
[    0.841310] e1000: Intel(R) PRO/1000 Network Driver
[    0.846301] e1000: Copyright (c) 1999-2006 Intel Corporation.
[    0.852215] e1000e: Intel(R) PRO/1000 Network Driver
[    0.857289] e1000e: Copyright(c) 1999 - 2015 Intel Corporation.
[    0.863384] igb: Intel(R) Gigabit Ethernet Network Driver
[    0.868901] igb: Copyright (c) 2007-2014 Intel Corporation.
[    0.874631] igbvf: Intel(R) Gigabit Virtual Function Network Driver
[    0.881036] igbvf: Copyright (c) 2009 - 2012 Intel Corporation.
[    0.887286] sky2: driver version 1.30
[    0.891971] VFIO - User Level meta-driver version: 0.3
[    0.898383] usbcore: registered new interface driver usb-storage
[    0.905510] i2c_dev: i2c /dev entries driver
[    0.911713] sdhci: Secure Digital Host Controller Interface driver
[    0.918106] sdhci: Copyright(c) Pierre Ossman
[    0.923469] Synopsys Designware Multimedia Card Interface Driver
[    0.930149] sdhci-pltfm: SDHCI platform and OF driver helper
[    0.937043] ledtrig-cpu: registered to indicate activity on CPUs
[    0.943482] SMCCC: SOC_ID: ARCH_SOC_ID not implemented, skipping ....
[    0.950519] usbcore: registered new interface driver usbhid
[    0.956245] usbhid: USB HID core driver
[    0.961741] optee: probing for conduit method.
I/TC: Reserved shared memory is enabled
I/TC: Dynamic shared memory is enabled
I/TC: Normal World virtualization support is disabled
I/TC: Asynchronous notifications are disabled
[    0.966461] optee: revision 3.20 (8e74d476)
[    0.983146] optee: dynamic shared memory is enabled
[    0.992901] optee: initialized driver
[    0.999276] Initializing XFRM netlink socket
[    1.003763] NET: Registered PF_PACKET protocol family
[    1.009132] 9pnet: Installing 9P2000 support
[    1.013595] Key type dns_resolver registered
[    1.018509] registered taskstats version 1
[    1.022748] Loading compiled-in X.509 certificates
[    1.040275] ti-sci 44043000.system-controller: ABI: 3.1 (firmware rev 0x0009 '9.0.5--v09.00.05 (Kool Koala)')
[    1.086997] pca953x 0-0022: supply vcc not found, using dummy regulator
[    1.093973] pca953x 0-0022: using AI
[    1.119548] omap_i2c 20010000.i2c: bus 0 rev0.12 at 400 kHz
[    1.125815] ti-sci-intr 4210000.interrupt-controller: Interrupt Router 5 domain created
[    1.134276] ti-sci-intr bus@f4000:interrupt-controller@a00000: Interrupt Router 3 domain created
[    1.143664] ti-sci-inta 48000000.interrupt-controller: Interrupt Aggregator domain 28 created
[    1.155838] ti-udma 485c0100.dma-controller: Number of rings: 68
[    1.163408] ti-udma 485c0100.dma-controller: Channels: 24 (bchan: 12, tchan: 6, rchan: 6)
[    1.173646] ti-udma 485c0000.dma-controller: Number of rings: 288
[    1.189017] ti-udma 485c0000.dma-controller: Channels: 44 (tchan: 29, rchan: 15)
[    1.200189] printk: console [ttyS2] disabled
[    1.204665] 2800000.serial: ttyS2 at MMIO 0x2800000 (irq = 304, base_baud = 3000000) is a 8250
[    1.213569] printk: console [ttyS2] enabled
[    1.213569] printk: console [ttyS2] enabled
[    1.222029] printk: bootconsole [ns16550a0] disabled
[    1.222029] printk: bootconsole [ns16550a0] disabled
[    1.236161] spi-nor spi0.0: s28hs512t (65536 Kbytes)
[    1.241298] 7 fixed-partitions partitions found on MTD device fc40000.spi.0
[    1.248266] Creating 7 MTD partitions on "fc40000.spi.0":
[    1.253664] 0x000000000000-0x000000100000 : "ospi.tiboot3"
[    1.260606] 0x000000100000-0x000000300000 : "ospi.tispl"
[    1.267362] 0x000000300000-0x000000700000 : "ospi.u-boot"
[    1.274164] 0x000000700000-0x000000740000 : "ospi.env"
[    1.280740] 0x000000740000-0x000000780000 : "ospi.env.backup"
[    1.287884] 0x000000800000-0x000003fc0000 : "ospi.rootfs"
[    1.294811] 0x000003fc0000-0x000004000000 : "ospi.phypattern"
[    1.304407] davinci_mdio 8000f00.mdio: Configuring MDIO in manual mode
[    1.350277] davinci_mdio 8000f00.mdio: davinci mdio revision 9.7, bus freq 1000000
[    1.359331] davinci_mdio 8000f00.mdio: phy[0]: device 8000f00.mdio:00, driver TI DP83867
[    1.367508] am65-cpsw-nuss 8000000.ethernet: initializing am65 cpsw nuss version 0x6BA00903, cpsw version 0x6BA80903 Ports: 3 quirks:00000006
[    1.380410] am65-cpsw-nuss 8000000.ethernet: initialized cpsw ale version 1.4
[    1.387545] am65-cpsw-nuss 8000000.ethernet: ALE Table size 512
[    1.394294] pps pps0: new PPS source ptp0
[    1.398762] am65-cpsw-nuss 8000000.ethernet: CPTS ver 0x4e8a010c, freq:500000000, add_val:1 pps:1
[    1.409632] am65-cpsw-nuss 8000000.ethernet: set new flow-id-base 16
[    1.420614] am65-cpts 39000000.cpts: CPTS ver 0x4e8a010c, freq:500000000, add_val:1 pps:0
[    1.431192] mmc0: CQHCI version 5.10
[    1.433312] gpio-mux mux-controller: 2-way mux-controller registered
[    1.458493] debugfs: Directory 'pd:114' with parent 'pm_genpd' already present!
[    1.459131] mmc1: CQHCI version 5.10
[    1.478054] ALSA device list:
[    1.481065]   No soundcards found.
[    1.481082] mmc0: SDHCI controller on fa10000.mmc [fa10000.mmc] using ADMA 64-bit
[    1.514816] mmc1: SDHCI controller on fa00000.mmc [fa00000.mmc] using ADMA 64-bit
[    1.522581] Waiting for root device PARTUUID=3a4a99a8-02...
[    1.577528] mmc0: Command Queue Engine enabled
[    1.582092] mmc0: new HS200 MMC card at address 0001
[    1.588730] mmcblk0: mmc0:0001 S0J56X 14.8 GiB
[    1.593669] mmc1: new ultra high speed SDR104 SDHC card at address aaaa
[    1.595884] mmcblk0boot0: mmc0:0001 S0J56X 31.5 MiB
[    1.601228] mmcblk1: mmc1:aaaa SC16G 14.8 GiB
[    1.606749] mmcblk0boot1: mmc0:0001 S0J56X 31.5 MiB
[    1.615025]  mmcblk1: p1 p2
[    1.616140] mmcblk0rpmb: mmc0:0001 S0J56X 4.00 MiB, chardev (240:0)
[    1.742129] EXT4-fs (mmcblk1p2): recovery complete
[    1.748033] EXT4-fs (mmcblk1p2): mounted filesystem with ordered data mode. Quota mode: none.
[    1.756673] VFS: Mounted root (ext4 filesystem) on device 179:66.
[    1.766760] devtmpfs: mounted
[    1.771204] Freeing unused kernel memory: 2176K
[    1.775845] Run /sbin/init as init process
[    1.944583] systemd[1]: System time before build time, advancing clock.
[    1.999732] NET: Registered PF_INET6 protocol family
[    2.006533] Segment Routing with IPv6
[    2.010281] In-situ OAM (IOAM) with IPv6
[    2.045671] systemd[1]: systemd 250.5+ running in system mode (+PAM -AUDIT -SELINUX -APPARMOR +IMA -SMACK +SECCOMP -GCRYPT -GNUTLS -OPENSSL +ACL +BLKID -CURL -ELFUTILS -FIDO2 -IDN2 -IDN                                                 UALITY -P11KIT -QRENCODE -BZIP2 -LZ4 -XZ -ZLIB +ZSTD -BPF_FRAMEWORK +XKBCOMMON +UTMP +SYSVINIT default-hierarchy=hybrid)
[    2.077719] systemd[1]: Detected architecture arm64.

Welcome to Arago 2023.04!

[    2.153446] systemd[1]: Hostname set to <am64xx-evm>.
[    2.319121] systemd-sysv-generator[134]: SysV service '/etc/init.d/telnetd' lacks a native systemd unit file. Automatically generating a unit file for compatibility. Please update packag                                                r to make it more safe and robust.
[    2.343748] systemd-sysv-generator[134]: SysV service '/etc/init.d/inetd.busybox' lacks a native systemd unit file. Automatically generating a unit file for compatibility. Please update                                                 n order to make it more safe and robust.
[    2.372499] systemd-sysv-generator[134]: SysV service '/etc/init.d/docker.init' lacks a native systemd unit file. Automatically generating a unit file for compatibility. Please update pa                                                order to make it more safe and robust.
[    2.399537] systemd-sysv-generator[134]: SysV service '/etc/init.d/netopeer2-server' lacks a native systemd unit file. Automatically generating a unit file for compatibility. Please upda                                                , in order to make it more safe and robust.
[    2.432920] systemd-sysv-generator[134]: SysV service '/etc/init.d/resize_rootfs.sh' lacks a native systemd unit file. Automatically generating a unit file for compatibility. Please upda                                                , in order to make it more safe and robust.
[    2.457991] systemd-sysv-generator[134]: SysV service '/etc/init.d/sysrepo' lacks a native systemd unit file. Automatically generating a unit file for compatibility. Please update packag                                                r to make it more safe and robust.
[    2.482318] systemd-sysv-generator[134]: SysV service '/etc/init.d/thermal-zone-init' lacks a native systemd unit file. Automatically generating a unit file for compatibility. Please upd                                                e, in order to make it more safe and robust.
[    2.508075] systemd-sysv-generator[134]: SysV service '/etc/init.d/netperf' lacks a native systemd unit file. Automatically generating a unit file for compatibility. Please update packag                                                r to make it more safe and robust.
[    2.532010] systemd-sysv-generator[134]: SysV service '/etc/init.d/dropbear' lacks a native systemd unit file. Automatically generating a unit file for compatibility. Please update packa                                                er to make it more safe and robust.
[    2.829591] systemd[1]: /lib/systemd/system/startwlansta.service:7: Unknown key name 'After' in section 'Service', ignoring.
[    2.844614] systemd[1]: /lib/systemd/system/startwlanap.service:7: Unknown key name 'After' in section 'Service', ignoring.
[    2.906766] systemd[1]: /lib/systemd/system/bt-enable.service:9: Standard output type syslog is obsolete, automatically updating to journal. Please update your unit file, and consider re
[    2.998153] systemd[1]: /etc/systemd/system/sync-clocks.service:11: Standard output type syslog is obsolete, automatically updating to journal. Please update your unit file, and consider
[    3.096236] systemd[1]: Queued start job for default target Graphical Interface.
[    3.165545] systemd[1]: Created slice Slice /system/getty.
[  OK  ] Created slice Slice /system/getty.
[    3.190337] systemd[1]: Created slice Slice /system/modprobe.
[  OK  ] Created slice Slice /system/modprobe.
[    3.214358] systemd[1]: Created slice Slice /system/serial-getty.
[  OK  ] Created slice Slice /system/serial-getty.
[    3.241363] systemd[1]: Created slice User and Session Slice.
[  OK  ] Created slice User and Session Slice.
[    3.262923] systemd[1]: Started Dispatch Password Requests to Console Directory Watch.
[  OK  ] Started Dispatch Password …ts to Console Directory Watch.
[    3.286856] systemd[1]: Started Forward Password Requests to Wall Directory Watch.
[  OK  ] Started Forward Password R…uests to Wall Directory Watch.
[    3.310996] systemd[1]: Reached target Path Units.
[  OK  ] Reached target Path Units.
[    3.326568] systemd[1]: Reached target Remote File Systems.
[  OK  ] Reached target Remote File Systems.
[    3.346547] systemd[1]: Reached target Slice Units.
[  OK  ] Reached target Slice Units.
[    3.362554] systemd[1]: Reached target Swaps.
[  OK  ] Reached target Swaps.
[    3.428912] systemd[1]: Listening on RPCbind Server Activation Socket.
[  OK  ] Listening on RPCbind Server Activation Socket.
[    3.450599] systemd[1]: Reached target RPC Port Mapper.
[  OK  ] Reached target RPC Port Mapper.
[    3.480619] systemd[1]: Listening on Process Core Dump Socket.
[  OK  ] Listening on Process Core Dump Socket.
[    3.503044] systemd[1]: Listening on initctl Compatibility Named Pipe.
[  OK  ] Listening on initctl Compatibility Named Pipe.
[    3.527618] systemd[1]: Listening on Journal Audit Socket.
[  OK  ] Listening on Journal Audit Socket.
[    3.551336] systemd[1]: Listening on Journal Socket (/dev/log).
[  OK  ] Listening on Journal Socket (/dev/log).
[    3.575397] systemd[1]: Listening on Journal Socket.
[  OK  ] Listening on Journal Socket.
[    3.591677] systemd[1]: Listening on Network Service Netlink Socket.
[  OK  ] Listening on Network Service Netlink Socket.
[    3.615538] systemd[1]: Listening on udev Control Socket.
[  OK  ] Listening on udev Control Socket.
[    3.639209] systemd[1]: Listening on udev Kernel Socket.
[  OK  ] Listening on udev Kernel Socket.
[    3.663365] systemd[1]: Listening on User Database Manager Socket.
[  OK  ] Listening on User Database Manager Socket.
[    3.711025] systemd[1]: Mounting Huge Pages File System...
         Mounting Huge Pages File System...
[    3.733143] systemd[1]: Mounting POSIX Message Queue File System...
         Mounting POSIX Message Queue File System...
[    3.774991] systemd[1]: Mounting Kernel Debug File System...
         Mounting Kernel Debug File System...
[    3.791118] systemd[1]: Kernel Trace File System was skipped because of a failed condition check (ConditionPathExists=/sys/kernel/tracing).
[    3.813621] systemd[1]: Mounting Temporary Directory /tmp...
         Mounting Temporary Directory /tmp...
[    3.838963] systemd[1]: Starting Create List of Static Device Nodes...
         Starting Create List of Static Device Nodes...
[    3.883347] systemd[1]: Starting Load Kernel Module configfs...
         Starting Load Kernel Module configfs...
[    3.905035] systemd[1]: Starting Load Kernel Module drm...
         Starting Load Kernel Module drm...
[    3.929938] systemd[1]: Starting Load Kernel Module fuse...
         Starting Load Kernel Module fuse...
[    3.956132] systemd[1]: Starting RPC Bind...
[    3.956440] fuse: init (API version 7.37)
         Starting RPC Bind...
[    3.974998] systemd[1]: File System Check on Root Device was skipped because of a failed condition check (ConditionPathIsReadWrite=!/).
[    4.011539] systemd[1]: Starting Journal Service...
         Starting Journal Service...
[    4.044085] systemd[1]: Starting Load Kernel Modules...
         Starting Load Kernel Modules...
[    4.083702] systemd[1]: Starting Generate network units from Kernel command line...
         Starting Generate network …ts from Kernel co[    4.097198] cryptodev: loading out-of-tree module taints kernel.
mmand line...
[    4.108607] cryptodev: driver 1.12 loaded.
[    4.135791] systemd[1]: Starting Remount Root and Kernel File Systems...
         Starting Remount Root and Kernel File Systems...
[    4.187738] systemd[1]: Starting Coldplug All udev Devices...
         Starting Coldplug All udev Devices...
[    4.233002] EXT4-fs (mmcblk1p2): re-mounted. Quota mode: none.
[    4.237213] systemd[1]: Started RPC Bind.
[  OK  ] Started RPC Bind.
[    4.259198] systemd[1]: Started Journal Service.
[  OK  ] Started Journal Service.
[  OK  ] Mounted Huge Pages File System.
[  OK  ] Mounted POSIX Message Queue File System.
[  OK  ] Mounted Kernel Debug File System.
[  OK  ] Mounted Temporary Directory /tmp.
[  OK  ] Finished Create List of Static Device Nodes.
[  OK  ] Finished Load Kernel Module configfs.
[  OK  ] Finished Load Kernel Module drm.
[  OK  ] Finished Load Kernel Module fuse.
[  OK  ] Finished Load Kernel Modules.
[  OK  ] Finished Generate network units from Kernel command line.
[  OK  ] Finished Remount Root and Kernel File Systems.
         Mounting FUSE Control File System...
         Mounting Kernel Configuration File System...
         Starting Flush Journal to Persistent Storage...
[    4.631950] systemd-journald[148]: Received client request to flush runtime journal.
         Starting Apply Kernel Variables...
         Starting Create Static Device Nodes in /dev...
[  OK  ] Mounted FUSE Control File System.
[  OK  ] Mounted Kernel Configuration File System.
[  OK  ] Finished Flush Journal to Persistent Storage.
[  OK  ] Finished Apply Kernel Variables.
[  OK  ] Finished Create Static Device Nodes in /dev.
[  OK  ] Reached target Preparation for Local File Systems.
         Mounting /media/ram...
         Mounting /var/volatile...
[    4.877455] audit: type=1334 audit(1651167747.928:2): prog-id=5 op=LOAD
[    4.889174] audit: type=1334 audit(1651167747.936:3): prog-id=6 op=LOAD
         Starting Rule-based Manage…for Device Events and Files...
[  OK  ] Finished Coldplug All udev Devices.
[  OK  ] Mounted /media/ram.
[  OK  ] Mounted /var/volatile.
         Starting Load/Save Random Seed...
[  OK  ] Reached target Local File Systems.
         Starting Create Volatile Files and Directories...
[  OK  ] Started Rule-based Manager for Device Events and Files.
[  OK  ] Finished Create Volatile Files and Directories.
         Starting Network Time Synchronization...
         Starting Record System Boot/Shutdown in UTMP...
[  OK  ] Finished Record System Boot/Shutdown in UTMP.
[  OK  ] Started Network Time Synchronization.
[  OK  ] Reached target System Initialization.
[  OK  ] Started Timer service to update the IP on OLED each 10s.
[    5.998305] random: crng init done
[  OK  ] Started Daily Cleanup of Temporary Directories.
[  OK  ] Reached target System Time Set.
[  OK  ] Started Daily rotation of log files.
[  OK  ] Reached target Timer Units.
[  OK  ] Listening on Avahi mDNS/DNS-SD Stack Activation Socket.
[  OK  ] Listening on D-Bus System Message Bus Socket.
         Starting Docker Socket for the API...
[  OK  ] Listening on dropbear.socket.
         Starting Weston socket...
         Starting D-Bus System Message Bus...
         Starting Reboot and dump vmcore via kexec...
[  OK  ] Finished Load/Save Random Seed.
[  OK  ] Listening on Docker Socket for the [    6.321267] CAN device driver interface
API.
[  OK  ] Listening on Weston socket.
[  OK  ] Reached target Socket Units.
[  OK  ] Finished Reboot and dump vmcore via kexec.
[  OK  ] Found device /dev/ttyS2.
[  OK  ] Started D-Bus System Message Bus.
[  OK  ] Reached target Basic System.
[  OK  ] Started Job spooling tools.
[  OK  ] Started Periodic Command Scheduler.
         Starting Print notice about GPLv3 packages...
         Starting IPv6 Packet Filtering Framework...
         Starting IPv4 Packet Filtering Framework...
[  OK  ] Started irqbalance daemon.
         Starting startwlanap...
         Starting startwlansta...
[    6.744957] audit: type=1334 audit(1651176250.172:4): prog-id=7 op=LOAD
[    6.752560] audit: type=1334 audit(1651176250.180:5): prog-id=8 op=LOAD
         Starting User Login Management...
[  OK  ] Started TEE Supplicant.
         Starting telnetd.service...
[  OK  ] Finished IPv6 Packet Filtering Framework.
[  OK  ] Finished IPv4 Packet Filtering Framework.
[  OK  ] Started startwlanap.
[  OK  ] Started startwlansta.
[  OK  ] Reached target Preparation for Network.
         Starting Network Configuration...
[  OK  ] Started telnetd.service.
         Starting LSB: Expand Rootfs of boot device...
[    7.133575] FAT-fs (mmcblk1p1): Volume was not properly unmounted. Some data may be corrupt. Please run fsck.
[    7.281188] cfg80211: Loading compiled-in X.509 certificates for regulatory database
[    7.293791] davinci_mdio 300b2400.mdio: Configuring MDIO in manual mode
[    7.332211] cfg80211: Loaded X.509 cert 'sforshee: 00b28ddf47aef9cea7'
[    7.366667] davinci_mdio 300b2400.mdio: davinci mdio revision 1.7, bus freq 1000000
[  OK  ] Started LSB: Expand Rootfs of boot device.
[    7.680964] davinci_mdio 300b2400.mdio: phy[15]: device 300b2400.mdio:0f, driver TI DP83869
[    7.723736] k3-m4-rproc 5000000.m4fss: assigned reserved memory node m4f-dma-memory@a4000000
[    7.753248] k3-m4-rproc 5000000.m4fss: configured M4 for remoteproc mode
